Archive member included to satisfy reference by file (symbol)

D:/msys2/mingw64/bin/../lib/gcc/arm-none-eabi/13.3.0/../../../../arm-none-eabi/lib/thumb/v7e-m+fp/hard\libc_nano.a(libc_a-atexit.o)
                              D:/msys2/mingw64/bin/../lib/gcc/arm-none-eabi/13.3.0/../../../../arm-none-eabi/lib/thumb/v7e-m+fp/hard/crt0.o (atexit)
D:/msys2/mingw64/bin/../lib/gcc/arm-none-eabi/13.3.0/../../../../arm-none-eabi/lib/thumb/v7e-m+fp/hard\libc_nano.a(libc_a-exit.o)
                              D:/msys2/mingw64/bin/../lib/gcc/arm-none-eabi/13.3.0/../../../../arm-none-eabi/lib/thumb/v7e-m+fp/hard/crt0.o (exit)
D:/msys2/mingw64/bin/../lib/gcc/arm-none-eabi/13.3.0/../../../../arm-none-eabi/lib/thumb/v7e-m+fp/hard\libc_nano.a(libc_a-findfp.o)
                              D:/msys2/mingw64/bin/../lib/gcc/arm-none-eabi/13.3.0/../../../../arm-none-eabi/lib/thumb/v7e-m+fp/hard\libc_nano.a(libc_a-exit.o) (__stdio_exit_handler)
D:/msys2/mingw64/bin/../lib/gcc/arm-none-eabi/13.3.0/../../../../arm-none-eabi/lib/thumb/v7e-m+fp/hard\libc_nano.a(libc_a-fwalk.o)
                              D:/msys2/mingw64/bin/../lib/gcc/arm-none-eabi/13.3.0/../../../../arm-none-eabi/lib/thumb/v7e-m+fp/hard\libc_nano.a(libc_a-findfp.o) (_fwalk_sglue)
D:/msys2/mingw64/bin/../lib/gcc/arm-none-eabi/13.3.0/../../../../arm-none-eabi/lib/thumb/v7e-m+fp/hard\libc_nano.a(libc_a-stdio.o)
                              D:/msys2/mingw64/bin/../lib/gcc/arm-none-eabi/13.3.0/../../../../arm-none-eabi/lib/thumb/v7e-m+fp/hard\libc_nano.a(libc_a-findfp.o) (__sread)
D:/msys2/mingw64/bin/../lib/gcc/arm-none-eabi/13.3.0/../../../../arm-none-eabi/lib/thumb/v7e-m+fp/hard\libc_nano.a(libc_a-memset.o)
                              D:/msys2/mingw64/bin/../lib/gcc/arm-none-eabi/13.3.0/../../../../arm-none-eabi/lib/thumb/v7e-m+fp/hard/crt0.o (memset)
D:/msys2/mingw64/bin/../lib/gcc/arm-none-eabi/13.3.0/../../../../arm-none-eabi/lib/thumb/v7e-m+fp/hard\libc_nano.a(libc_a-closer.o)
                              D:/msys2/mingw64/bin/../lib/gcc/arm-none-eabi/13.3.0/../../../../arm-none-eabi/lib/thumb/v7e-m+fp/hard\libc_nano.a(libc_a-stdio.o) (_close_r)
D:/msys2/mingw64/bin/../lib/gcc/arm-none-eabi/13.3.0/../../../../arm-none-eabi/lib/thumb/v7e-m+fp/hard\libc_nano.a(libc_a-reent.o)
                              D:/msys2/mingw64/bin/../lib/gcc/arm-none-eabi/13.3.0/../../../../arm-none-eabi/lib/thumb/v7e-m+fp/hard\libc_nano.a(libc_a-closer.o) (errno)
D:/msys2/mingw64/bin/../lib/gcc/arm-none-eabi/13.3.0/../../../../arm-none-eabi/lib/thumb/v7e-m+fp/hard\libc_nano.a(libc_a-impure.o)
                              D:/msys2/mingw64/bin/../lib/gcc/arm-none-eabi/13.3.0/../../../../arm-none-eabi/lib/thumb/v7e-m+fp/hard\libc_nano.a(libc_a-reent.o) (_impure_ptr)
D:/msys2/mingw64/bin/../lib/gcc/arm-none-eabi/13.3.0/../../../../arm-none-eabi/lib/thumb/v7e-m+fp/hard\libc_nano.a(libc_a-lseekr.o)
                              D:/msys2/mingw64/bin/../lib/gcc/arm-none-eabi/13.3.0/../../../../arm-none-eabi/lib/thumb/v7e-m+fp/hard\libc_nano.a(libc_a-stdio.o) (_lseek_r)
D:/msys2/mingw64/bin/../lib/gcc/arm-none-eabi/13.3.0/../../../../arm-none-eabi/lib/thumb/v7e-m+fp/hard\libc_nano.a(libc_a-readr.o)
                              D:/msys2/mingw64/bin/../lib/gcc/arm-none-eabi/13.3.0/../../../../arm-none-eabi/lib/thumb/v7e-m+fp/hard\libc_nano.a(libc_a-stdio.o) (_read_r)
D:/msys2/mingw64/bin/../lib/gcc/arm-none-eabi/13.3.0/../../../../arm-none-eabi/lib/thumb/v7e-m+fp/hard\libc_nano.a(libc_a-writer.o)
                              D:/msys2/mingw64/bin/../lib/gcc/arm-none-eabi/13.3.0/../../../../arm-none-eabi/lib/thumb/v7e-m+fp/hard\libc_nano.a(libc_a-stdio.o) (_write_r)
D:/msys2/mingw64/bin/../lib/gcc/arm-none-eabi/13.3.0/../../../../arm-none-eabi/lib/thumb/v7e-m+fp/hard\libc_nano.a(libc_a-errno.o)
                              build/Core/Src/sysmem.o (__errno)
D:/msys2/mingw64/bin/../lib/gcc/arm-none-eabi/13.3.0/../../../../arm-none-eabi/lib/thumb/v7e-m+fp/hard\libc_nano.a(libc_a-init.o)
                              D:/msys2/mingw64/bin/../lib/gcc/arm-none-eabi/13.3.0/../../../../arm-none-eabi/lib/thumb/v7e-m+fp/hard/crt0.o (__libc_init_array)
D:/msys2/mingw64/bin/../lib/gcc/arm-none-eabi/13.3.0/../../../../arm-none-eabi/lib/thumb/v7e-m+fp/hard\libc_nano.a(libc_a-fini.o)
                              D:/msys2/mingw64/bin/../lib/gcc/arm-none-eabi/13.3.0/../../../../arm-none-eabi/lib/thumb/v7e-m+fp/hard/crt0.o (__libc_fini_array)
D:/msys2/mingw64/bin/../lib/gcc/arm-none-eabi/13.3.0/../../../../arm-none-eabi/lib/thumb/v7e-m+fp/hard\libc_nano.a(libc_a-lock.o)
                              D:/msys2/mingw64/bin/../lib/gcc/arm-none-eabi/13.3.0/../../../../arm-none-eabi/lib/thumb/v7e-m+fp/hard\libc_nano.a(libc_a-findfp.o) (__retarget_lock_init_recursive)
D:/msys2/mingw64/bin/../lib/gcc/arm-none-eabi/13.3.0/../../../../arm-none-eabi/lib/thumb/v7e-m+fp/hard\libc_nano.a(libc_a-__atexit.o)
[...]
Memory Configuration

Name             Origin             Length             Attributes
RAM              0x20000000         0x00020000         xrw
FLASH            0x08000000         0x00020000         xr
*default*        0x00000000         0xffffffff

Linker script and memory map

LOAD D:/msys2/mingw64/bin/../lib/gcc/arm-none-eabi/13.3.0/thumb/v7e-m+fp/hard/crti.o
LOAD D:/msys2/mingw64/bin/../lib/gcc/arm-none-eabi/13.3.0/thumb/v7e-m+fp/hard/crtbegin.o
LOAD D:/msys2/mingw64/bin/../lib/gcc/arm-none-eabi/13.3.0/../../../../arm-none-eabi/lib/thumb/v7e-m+fp/hard/crt0.o
LOAD build/Core/Src/main.o
LOAD build/Core/Src/gpio.o
LOAD build/Core/Src/adc.o
LOAD build/Core/Src/fdcan.o
LOAD build/Core/Src/tim.o
LOAD build/Core/Src/stm32g4xx_it.o
LOAD build/Core/Src/stm32g4xx_hal_msp.o
LOAD build/Drivers/STM32G4xx_HAL_Driver/Src/stm32g4xx_hal_adc.o
LOAD build/Drivers/STM32G4xx_HAL_Driver/Src/stm32g4xx_hal_adc_ex.o
LOAD build/Drivers/STM32G4xx_HAL_Driver/Src/stm32g4xx_ll_adc.o
LOAD build/Drivers/STM32G4xx_HAL_Driver/Src/stm32g4xx_hal.o
LOAD build/Drivers/STM32G4xx_HAL_Driver/Src/stm32g4xx_hal_rcc.o
LOAD build/Drivers/STM32G4xx_HAL_Driver/Src/stm32g4xx_hal_rcc_ex.o
LOAD build/Drivers/STM32G4xx_HAL_Driver/Src/stm32g4xx_hal_flash.o
LOAD build/Drivers/STM32G4xx_HAL_Driver/Src/stm32g4xx_hal_flash_ex.o
LOAD build/Drivers/STM32G4xx_HAL_Driver/Src/stm32g4xx_hal_flash_ramfunc.o
LOAD build/Drivers/STM32G4xx_HAL_Driver/Src/stm32g4xx_hal_gpio.o
LOAD build/Drivers/STM32G4xx_HAL_Driver/Src/stm32g4xx_hal_exti.o
LOAD build/Drivers/STM32G4xx_HAL_Driver/Src/stm32g4xx_hal_dma.o
LOAD build/Drivers/STM32G4xx_HAL_Driver/Src/stm32g4xx_hal_dma_ex.o
LOAD build/Drivers/STM32G4xx_HAL_Driver/Src/stm32g4xx_hal_pwr.o
LOAD build/Drivers/STM32G4xx_HAL_Driver/Src/stm32g4xx_hal_pwr_ex.o
LOAD build/Drivers/STM32G4xx_HAL_Driver/Src/stm32g4xx_hal_cortex.o
LOAD build/Drivers/STM32G4xx_HAL_Driver/Src/stm32g4xx_hal_fdcan.o
LOAD build/Drivers/STM32G4xx_HAL_Driver/Src/stm32g4xx_hal_hrtim.o
LOAD build/Drivers/STM32G4xx_HAL_Driver/Src/stm32g4xx_hal_tim.o
LOAD build/Drivers/STM32G4xx_HAL_Driver/Src/stm32g4xx_hal_tim_ex.o
LOAD build/Core/Src/system_stm32g4xx.o
LOAD build/Core/Src/sysmem.o
LOAD build/Core/Src/syscalls.o
LOAD build/Core/Src/hrtim.o
LOAD build/Core/Src/dma.o
LOAD build/Core/Src/comp.o
LOAD build/Core/Src/opamp.o
LOAD build/Drivers/STM32G4xx_HAL_Driver/Src/stm32g4xx_hal_comp.o
LOAD build/Drivers/STM32G4xx_HAL_Driver/Src/stm32g4xx_hal_opamp.o
LOAD build/Drivers/STM32G4xx_HAL_Driver/Src/stm32g4xx_hal_opamp_ex.o
LOAD build/Core/Src/dac.o
LOAD build/Drivers/STM32G4xx_HAL_Driver/Src/stm32g4xx_hal_dac.o
LOAD build/Drivers/STM32G4xx_HAL_Driver/Src/stm32g4xx_hal_dac_ex.o
LOAD build/Core/Src/Communication.o
LOAD build/Core/Src/Interface.o
LOAD build/Core/Src/PowerManager.o
LOAD build/Core/Src/UserTask.o
LOAD build/Core/Src/Utility.o
LOAD build/startup_stm32g474xx.o
LOAD D:/msys2/mingw64/bin/../lib/gcc/arm-none-eabi/13.3.0/../../../../arm-none-eabi/lib/thumb/v7e-m+fp/hard\libc_nano.a
LOAD D:/msys2/mingw64/bin/../lib/gcc/arm-none-eabi/13.3.0/../../../../arm-none-eabi/lib/thumb/v7e-m+fp/hard\libm.a
LOAD D:/msys2/mingw64/bin/../lib/gcc/arm-none-eabi/13.3.0/../../../../arm-none-eabi/lib/thumb/v7e-m+fp/hard\libnosys.a
START GROUP
LOAD D:/msys2/mingw64/bin/../lib/gcc/arm-none-eabi/13.3.0/thumb/v7e-m+fp/hard\libgcc.a
LOAD D:/msys2/mingw64/bin/../lib/gcc/arm-none-eabi/13.3.0/../../../../arm-none-eabi/lib/thumb/v7e-m+fp/hard\libc_nano.a
END GROUP
START GROUP
LOAD D:/msys2/mingw64/bin/../lib/gcc/arm-none-eabi/13.3.0/thumb/v7e-m+fp/hard\libgcc.a
LOAD D:/msys2/mingw64/bin/../lib/gcc/arm-none-eabi/13.3.0/../../../../arm-none-eabi/lib/thumb/v7e-m+fp/hard\libc_nano.a
END GROUP
LOAD D:/msys2/mingw64/bin/../lib/gcc/arm-none-eabi/13.3.0/thumb/v7e-m+fp/hard/crtend.o
LOAD D:/msys2/mingw64/bin/../lib/gcc/arm-none-eabi/13.3.0/thumb/v7e-m+fp/hard/crtn.o
                0x20020000                        _estack = (ORIGIN (RAM) + LENGTH (RAM))
                0x00000200                        _Min_Heap_Size = 0x200
                0x00000400                        _Min_Stack_Size = 0x400

.isr_vector     0x08000000      0x1d8
                0x08000000                        . = ALIGN (0x4)
 *(.isr_vector)
 .isr_vector    0x08000000      0x1d8 build/startup_stm32g474xx.o
                0x08000000                g_pfnVectors
                0x080001d8                        . = ALIGN (0x4)

.text           0x080001d8     0xa028
                0x080001d8                        . = ALIGN (0x4)
 *(.text)
 .text          0x080001d8       0xa4 D:/msys2/mingw64/bin/../lib/gcc/arm-none-eabi/13.3.0/../../../../arm-none-eabi/lib/thumb/v7e-m+fp/hard\libc_nano.a(libc_a-memset.o)
                0x080001d8                memset
 .text          0x0800027c       0x50 D:/msys2/mingw64/bin/../lib/gcc/arm-none-eabi/13.3.0/../../../../arm-none-eabi/lib/thumb/v7e-m+fp/hard\libc_nano.a(libc_a-init.o)
                0x0800027c                __libc_init_array
 .text          0x080002cc      0x254 D:/msys2/mingw64/bin/../lib/gcc/arm-none-eabi/13.3.0/thumb/v7e-m+fp/hard\libgcc.a(_arm_muldf3.o)
                0x080002cc                __muldf3
                0x080002cc                __aeabi_dmul
 .text          0x08000520      0x378 D:/msys2/mingw64/bin/../lib/gcc/arm-none-eabi/13.3.0/thumb/v7e-m+fp/hard\libgcc.a(_arm_addsubdf3.o)
                0x08000520                __aeabi_drsub
                0x08000528                __aeabi_dsub
                0x08000528                __subdf3
                0x0800052c                __aeabi_dadd
                0x0800052c                __adddf3
                0x080007a4                __floatunsidf
                0x080007a4                __aeabi_ui2d
                0x080007c4                __floatsidf
                0x080007c4                __aeabi_i2d
                0x080007e8                __aeabi_f2d
                0x080007e8                __extendsfdf2
                0x0800082c                __floatundidf
                0x0800082c                __aeabi_ul2d
                0x0800083c                __floatdidf
                0x0800083c                __aeabi_l2d
 .text          0x08000898       0xa0 D:/msys2/mingw64/bin/../lib/gcc/arm-none-eabi/13.3.0/thumb/v7e-m+fp/hard\libgcc.a(_arm_truncdfsf2.o)
                0x08000898                __truncdfsf2
                0x08000898                __aeabi_d2f
 *(.text*)
 .text.__do_global_dtors_aux
                0x08000938       0x24 D:/msys2/mingw64/bin/../lib/gcc/arm-none-eabi/13.3.0/thumb/v7e-m+fp/hard/crtbegin.o
 .text.frame_dummy
                0x0800095c       0x1c D:/msys2/mingw64/bin/../lib/gcc/arm-none-eabi/13.3.0/thumb/v7e-m+fp/hard/crtbegin.o
 .text.SystemClock_Config
                0x08000978       0x78 build/Core/Src/main.o
                0x08000978                SystemClock_Config
 .text.startup.main
                0x080009f0       0x68 build/Core/Src/main.o
                0x080009f0                main
 .text.Error_Handler
                0x08000a58        0x4 build/Core/Src/main.o
                0x08000a58                Error_Handler
 .text.MX_GPIO_Init
                0x08000a5c       0xc0 build/Core/Src/gpio.o
                0x08000a5c                MX_GPIO_Init
 .text.MX_ADC1_Init
                0x08000b1c      0x190 build/Core/Src/adc.o
                0x08000b1c                MX_ADC1_Init
 .text.MX_ADC2_Init
                0x08000cac      0x144 build/Core/Src/adc.o
                0x08000cac                MX_ADC2_Init
 .text.MX_ADC4_Init
                0x08000df0       0xac build/Core/Src/adc.o
                0x08000df0                MX_ADC4_Init
 .text.HAL_ADC_MspInit
                0x08000e9c      0x25c build/Core/Src/adc.o
                0x08000e9c                HAL_ADC_MspInit
 .text.MX_FDCAN3_Init
                0x080010f8       0x4c build/Core/Src/fdcan.o
                0x080010f8                MX_FDCAN3_Init
 *fill*         0x08001144        0x4 
 .text.HAL_FDCAN_MspInit
                0x08001148       0xb4 build/Core/Src/fdcan.o
                0x08001148                HAL_FDCAN_MspInit
 .text.MX_TIM3_Init
                0x080011fc       0x70 build/Core/Src/tim.o
                0x080011fc                MX_TIM3_Init
 *fill*         0x0800126c        0x4 
 .text.MX_TIM5_Init
                0x08001270       0xb8 build/Core/Src/tim.o
                0x08001270                MX_TIM5_Init
 .text.MX_TIM6_Init
                0x08001328       0x54 build/Core/Src/tim.o
                0x08001328                MX_TIM6_Init
 .text.MX_TIM16_Init
                0x0800137c       0x34 build/Core/Src/tim.o
                0x0800137c                MX_TIM16_Init
 .text.MX_TIM20_Init
                0x080013b0       0x80 build/Core/Src/tim.o
                0x080013b0                MX_TIM20_Init
 .text.HAL_TIM_Base_MspInit
                0x08001430      0x19c build/Core/Src/tim.o
                0x08001430                HAL_TIM_Base_MspInit
 *fill*         0x080015cc        0x4 
 .text.HAL_TIM_MspPostInit
                0x080015d0       0xa4 build/Core/Src/tim.o
                0x080015d0                HAL_TIM_MspPostInit
 *fill*         0x08001674        0x4 
 .text.MX_TIM1_Init
                0x08001678      0x120 build/Core/Src/tim.o
                0x08001678                MX_TIM1_Init
 .text.MX_TIM2_Init
                0x08001798       0xc4 build/Core/Src/tim.o
                0x08001798                MX_TIM2_Init
 .text.NMI_Handler
                0x0800185c        0x4 build/Core/Src/stm32g4xx_it.o
                0x0800185c                NMI_Handler
 .text.HardFault_Handler
                0x08001860        0x4 build/Core/Src/stm32g4xx_it.o
                0x08001860                HardFault_Handler
 .text.MemManage_Handler
                0x08001864        0x4 build/Core/Src/stm32g4xx_it.o
                0x08001864                MemManage_Handler
 .text.BusFault_Handler
                0x08001868        0x4 build/Core/Src/stm32g4xx_it.o
                0x08001868                BusFault_Handler
 .text.UsageFault_Handler
                0x0800186c        0x4 build/Core/Src/stm32g4xx_it.o
                0x0800186c                UsageFault_Handler
 .text.SVC_Handler
                0x08001870        0x4 build/Core/Src/stm32g4xx_it.o
                0x08001870                SVC_Handler
 .text.DebugMon_Handler
                0x08001874        0x4 build/Core/Src/stm32g4xx_it.o
                0x08001874                DebugMon_Handler
 .text.PendSV_Handler
                0x08001878        0x4 build/Core/Src/stm32g4xx_it.o
                0x08001878                PendSV_Handler
 .text.SysTick_Handler
                0x0800187c        0x4 build/Core/Src/stm32g4xx_it.o
                0x0800187c                SysTick_Handler
 .text.TIM6_DAC_IRQHandler
                0x08001880       0x1c build/Core/Src/stm32g4xx_it.o
                0x08001880                TIM6_DAC_IRQHandler
 .text.TIM20_UP_IRQHandler
                0x0800189c        0xc build/Core/Src/stm32g4xx_it.o
                0x0800189c                TIM20_UP_IRQHandler
 .text.TIM20_TRG_COM_IRQHandler
                0x080018a8        0xc build/Core/Src/stm32g4xx_it.o
                0x080018a8                TIM20_TRG_COM_IRQHandler
 .text.HAL_MspInit
                0x080018b4       0x48 build/Core/Src/stm32g4xx_hal_msp.o
                0x080018b4                HAL_MspInit
 .text.HAL_ADC_Init
                0x080018fc      0x214 build/Drivers/STM32G4xx_HAL_Driver/Src/stm32g4xx_hal_adc.o
                0x080018fc                HAL_ADC_Init
 .text.HAL_ADC_ConvCpltCallback
                0x08001b10        0x4 build/Drivers/STM32G4xx_HAL_Driver/Src/stm32g4xx_hal_adc.o
                0x08001b10                HAL_ADC_ConvCpltCallback
 .text.HAL_ADC_ConvHalfCpltCallback
                0x08001b14        0x4 build/Drivers/STM32G4xx_HAL_Driver/Src/stm32g4xx_hal_adc.o
                0x08001b14                HAL_ADC_ConvHalfCpltCallback
 .text.ADC_DMAHalfConvCplt
                0x08001b18        0xc build/Drivers/STM32G4xx_HAL_Driver/Src/stm32g4xx_hal_adc.o
                0x08001b18                ADC_DMAHalfConvCplt
 .text.HAL_ADC_ErrorCallback
                0x08001b24        0x4 build/Drivers/STM32G4xx_HAL_Driver/Src/stm32g4xx_hal_adc.o
                0x08001b24                HAL_ADC_ErrorCallback
 .text.ADC_DMAConvCplt
                0x08001b28       0x6c build/Drivers/STM32G4xx_HAL_Driver/Src/stm32g4xx_hal_adc.o
                0x08001b28                ADC_DMAConvCplt
 .text.ADC_DMAError
                0x08001b94       0x1c build/Drivers/STM32G4xx_HAL_Driver/Src/stm32g4xx_hal_adc.o
                0x08001b94                ADC_DMAError
 .text.HAL_ADC_ConfigChannel
                0x08001bb0      0x538 build/Drivers/STM32G4xx_HAL_Driver/Src/stm32g4xx_hal_adc.o
                0x08001bb0                HAL_ADC_ConfigChannel
 .text.HAL_ADC_AnalogWDGConfig
                0x080020e8      0x2fc build/Drivers/STM32G4xx_HAL_Driver/Src/stm32g4xx_hal_adc.o
                0x080020e8                HAL_ADC_AnalogWDGConfig
 .text.ADC_Enable
                0x080023e4       0xe4 build/Drivers/STM32G4xx_HAL_Driver/Src/stm32g4xx_hal_adc.o
                0x080023e4                ADC_Enable
 .text.HAL_ADC_Start
                0x080024c8      0x104 build/Drivers/STM32G4xx_HAL_Driver/Src/stm32g4xx_hal_adc.o
                0x080024c8                HAL_ADC_Start
 .text.HAL_ADC_Start_DMA
                0x080025cc      0x114 build/Drivers/STM32G4xx_HAL_Driver/Src/stm32g4xx_hal_adc.o
                0x080025cc                HAL_ADC_Start_DMA
 .text.ADC_Disable
                0x080026e0       0x74 build/Drivers/STM32G4xx_HAL_Driver/Src/stm32g4xx_hal_adc.o
                0x080026e0                ADC_Disable
 .text.HAL_ADCEx_Calibration_Start
                0x08002754       0x9c build/Drivers/STM32G4xx_HAL_Driver/Src/stm32g4xx_hal_adc_ex.o
                0x08002754                HAL_ADCEx_Calibration_Start
 .text.HAL_ADCEx_MultiModeStart_DMA
                0x080027f0      0x100 build/Drivers/STM32G4xx_HAL_Driver/Src/stm32g4xx_hal_adc_ex.o
                0x080027f0                HAL_ADCEx_MultiModeStart_DMA
 .text.HAL_ADCEx_MultiModeConfigChannel
                0x080028f0      0x14c build/Drivers/STM32G4xx_HAL_Driver/Src/stm32g4xx_hal_adc_ex.o
                0x080028f0                HAL_ADCEx_MultiModeConfigChannel
 .text.HAL_InitTick
                0x08002a3c       0x4c build/Drivers/STM32G4xx_HAL_Driver/Src/stm32g4xx_hal.o
                0x08002a3c                HAL_InitTick
 .text.HAL_Init
                0x08002a88       0x20 build/Drivers/STM32G4xx_HAL_Driver/Src/stm32g4xx_hal.o
                0x08002a88                HAL_Init
 .text.HAL_IncTick
                0x08002aa8       0x18 build/Drivers/STM32G4xx_HAL_Driver/Src/stm32g4xx_hal.o
                0x08002aa8                HAL_IncTick
 .text.HAL_GetTick
                0x08002ac0        0xc build/Drivers/STM32G4xx_HAL_Driver/Src/stm32g4xx_hal.o
                0x08002ac0                HAL_GetTick
 .text.HAL_Delay
                0x08002acc       0x24 build/Drivers/STM32G4xx_HAL_Driver/Src/stm32g4xx_hal.o
                0x08002acc                HAL_Delay
 .text.HAL_SYSCFG_VREFBUF_VoltageScalingConfig
                0x08002af0       0x14 build/Drivers/STM32G4xx_HAL_Driver/Src/stm32g4xx_hal.o
                0x08002af0                HAL_SYSCFG_VREFBUF_VoltageScalingConfig
 .text.HAL_SYSCFG_VREFBUF_HighImpedanceConfig
                0x08002b04       0x14 build/Drivers/STM32G4xx_HAL_Driver/Src/stm32g4xx_hal.o
                0x08002b04                HAL_SYSCFG_VREFBUF_HighImpedanceConfig
 .text.HAL_SYSCFG_EnableVREFBUF
                0x08002b18       0x30 build/Drivers/STM32G4xx_HAL_Driver/Src/stm32g4xx_hal.o
                0x08002b18                HAL_SYSCFG_EnableVREFBUF
 .text.HAL_RCC_OscConfig
                0x08002b48      0x48c build/Drivers/STM32G4xx_HAL_Driver/Src/stm32g4xx_hal_rcc.o
                0x08002b48                HAL_RCC_OscConfig
 .text.HAL_RCC_GetSysClockFreq
                0x08002fd4       0x70 build/Drivers/STM32G4xx_HAL_Driver/Src/stm32g4xx_hal_rcc.o
                0x08002fd4                HAL_RCC_GetSysClockFreq
 .text.HAL_RCC_ClockConfig
                0x08003044      0x208 build/Drivers/STM32G4xx_HAL_Driver/Src/stm32g4xx_hal_rcc.o
                0x08003044                HAL_RCC_ClockConfig
 .text.HAL_RCC_GetHCLKFreq
                0x0800324c        0xc build/Drivers/STM32G4xx_HAL_Driver/Src/stm32g4xx_hal_rcc.o
                0x0800324c                HAL_RCC_GetHCLKFreq
 .text.HAL_RCCEx_PeriphCLKConfig
                0x08003258      0x318 build/Drivers/STM32G4xx_HAL_Driver/Src/stm32g4xx_hal_rcc_ex.o
                0x08003258                HAL_RCCEx_PeriphCLKConfig
 .text.HAL_GPIO_Init
                0x08003570      0x37c build/Drivers/STM32G4xx_HAL_Driver/Src/stm32g4xx_hal_gpio.o
                0x08003570                HAL_GPIO_Init
 .text.HAL_GPIO_ReadPin
                0x080038ec        0xc build/Drivers/STM32G4xx_HAL_Driver/Src/stm32g4xx_hal_gpio.o
                0x080038ec                HAL_GPIO_ReadPin
 .text.HAL_GPIO_WritePin
                0x080038f8        0xc build/Drivers/STM32G4xx_HAL_Driver/Src/stm32g4xx_hal_gpio.o
                0x080038f8                HAL_GPIO_WritePin
 .text.HAL_DMA_Init
                0x08003904      0x124 build/Drivers/STM32G4xx_HAL_Driver/Src/stm32g4xx_hal_dma.o
                0x08003904                HAL_DMA_Init
 .text.HAL_DMA_Start_IT
                0x08003a28       0xb0 build/Drivers/STM32G4xx_HAL_Driver/Src/stm32g4xx_hal_dma.o
                0x08003a28                HAL_DMA_Start_IT
 .text.HAL_PWREx_ControlVoltageScaling
                0x08003ad8       0xe4 build/Drivers/STM32G4xx_HAL_Driver/Src/stm32g4xx_hal_pwr_ex.o
                0x08003ad8                HAL_PWREx_ControlVoltageScaling
 .text.HAL_PWREx_DisableUCPDDeadBattery
                0x08003bbc       0x10 build/Drivers/STM32G4xx_HAL_Driver/Src/stm32g4xx_hal_pwr_ex.o
                0x08003bbc                HAL_PWREx_DisableUCPDDeadBattery
 .text.HAL_NVIC_SetPriorityGrouping
                0x08003bcc       0x24 build/Drivers/STM32G4xx_HAL_Driver/Src/stm32g4xx_hal_cortex.o
                0x08003bcc                HAL_NVIC_SetPriorityGrouping
 .text.HAL_NVIC_SetPriority
                0x08003bf0       0x78 build/Drivers/STM32G4xx_HAL_Driver/Src/stm32g4xx_hal_cortex.o
                0x08003bf0                HAL_NVIC_SetPriority
 .text.HAL_NVIC_EnableIRQ
                0x08003c68       0x1c build/Drivers/STM32G4xx_HAL_Driver/Src/stm32g4xx_hal_cortex.o
                0x08003c68                HAL_NVIC_EnableIRQ
 .text.HAL_SYSTICK_Config
                0x08003c84       0x34 build/Drivers/STM32G4xx_HAL_Driver/Src/stm32g4xx_hal_cortex.o
                0x08003c84                HAL_SYSTICK_Config
 .text.HAL_FDCAN_TxEventFifoCallback
                0x08003cb8        0x4 build/Drivers/STM32G4xx_HAL_Driver/Src/stm32g4xx_hal_fdcan.o
                0x08003cb8                HAL_FDCAN_TxEventFifoCallback
 .text.HAL_FDCAN_ErrorStatusCallback
                0x08003cbc        0x4 build/Drivers/STM32G4xx_HAL_Driver/Src/stm32g4xx_hal_fdcan.o
                0x08003cbc                HAL_FDCAN_ErrorStatusCallback
 .text.HAL_FDCAN_RxFifo0Callback
                0x08003cc0        0x4 build/Drivers/STM32G4xx_HAL_Driver/Src/stm32g4xx_hal_fdcan.o
                0x08003cc0                HAL_FDCAN_RxFifo0Callback
 .text.HAL_FDCAN_RxFifo1Callback
                0x08003cc4        0x4 build/Drivers/STM32G4xx_HAL_Driver/Src/stm32g4xx_hal_fdcan.o
                0x08003cc4                HAL_FDCAN_RxFifo1Callback
 .text.HAL_FDCAN_TxBufferCompleteCallback
                0x08003cc8        0x4 build/Drivers/STM32G4xx_HAL_Driver/Src/stm32g4xx_hal_fdcan.o
                0x08003cc8                HAL_FDCAN_TxBufferCompleteCallback
 .text.HAL_FDCAN_TxBufferAbortCallback
                0x08003ccc        0x4 build/Drivers/STM32G4xx_HAL_Driver/Src/stm32g4xx_hal_fdcan.o
                0x08003ccc                HAL_FDCAN_TxBufferAbortCallback
 .text.HAL_FDCAN_TxFifoEmptyCallback
                0x08003cd0        0x4 build/Drivers/STM32G4xx_HAL_Driver/Src/stm32g4xx_hal_fdcan.o
                0x08003cd0                HAL_FDCAN_TxFifoEmptyCallback
 .text.HAL_FDCAN_TimestampWraparoundCallback
                0x08003cd4        0x4 build/Drivers/STM32G4xx_HAL_Driver/Src/stm32g4xx_hal_fdcan.o
                0x08003cd4                HAL_FDCAN_TimestampWraparoundCallback
 .text.HAL_FDCAN_TimeoutOccurredCallback
                0x08003cd8        0x4 build/Drivers/STM32G4xx_HAL_Driver/Src/stm32g4xx_hal_fdcan.o
                0x08003cd8                HAL_FDCAN_TimeoutOccurredCallback
 .text.HAL_FDCAN_HighPriorityMessageCallback
                0x08003cdc        0x4 build/Drivers/STM32G4xx_HAL_Driver/Src/stm32g4xx_hal_fdcan.o
                0x08003cdc                HAL_FDCAN_HighPriorityMessageCallback
 .text.HAL_FDCAN_ErrorCallback
                0x08003ce0        0x4 build/Drivers/STM32G4xx_HAL_Driver/Src/stm32g4xx_hal_fdcan.o
                0x08003ce0                HAL_FDCAN_ErrorCallback
 .text.HAL_FDCAN_Init
                0x08003ce4      0x308 build/Drivers/STM32G4xx_HAL_Driver/Src/stm32g4xx_hal_fdcan.o
                0x08003ce4                HAL_FDCAN_Init
 .text.HAL_FDCAN_ConfigFilter
                0x08003fec       0x58 build/Drivers/STM32G4xx_HAL_Driver/Src/stm32g4xx_hal_fdcan.o
                0x08003fec                HAL_FDCAN_ConfigFilter
 .text.HAL_FDCAN_Start
                0x08004044       0x30 build/Drivers/STM32G4xx_HAL_Driver/Src/stm32g4xx_hal_fdcan.o
                0x08004044                HAL_FDCAN_Start
 .text.HAL_FDCAN_AddMessageToTxFifoQ
                0x08004074       0xc4 build/Drivers/STM32G4xx_HAL_Driver/Src/stm32g4xx_hal_fdcan.o
                0x08004074                HAL_FDCAN_AddMessageToTxFifoQ
 .text.HAL_FDCAN_GetRxMessage
                0x08004138      0x140 build/Drivers/STM32G4xx_HAL_Driver/Src/stm32g4xx_hal_fdcan.o
                0x08004138                HAL_FDCAN_GetRxMessage
 .text.HAL_FDCAN_ActivateNotification
                0x08004278       0xf8 build/Drivers/STM32G4xx_HAL_Driver/Src/stm32g4xx_hal_fdcan.o
                0x08004278                HAL_FDCAN_ActivateNotification
 .text.HAL_FDCAN_IRQHandler
                0x08004370      0x18c build/Drivers/STM32G4xx_HAL_Driver/Src/stm32g4xx_hal_fdcan.o
                0x08004370                HAL_FDCAN_IRQHandler
 .text.HAL_HRTIM_RegistersUpdateCallback
                0x080044fc        0x4 build/Drivers/STM32G4xx_HAL_Driver/Src/stm32g4xx_hal_hrtim.o
                0x080044fc                HAL_HRTIM_RegistersUpdateCallback
 .text.HRTIM_DMAMasterCplt
                0x08004500       0x68 build/Drivers/STM32G4xx_HAL_Driver/Src/stm32g4xx_hal_hrtim.o
 .text.HRTIM_DMAError
                0x08004568        0x8 build/Drivers/STM32G4xx_HAL_Driver/Src/stm32g4xx_hal_hrtim.o
 .text.HRTIM_DMATimerxCplt
                0x08004570      0x170 build/Drivers/STM32G4xx_HAL_Driver/Src/stm32g4xx_hal_hrtim.o
 .text.HAL_HRTIM_BurstDMATransferCallback
                0x080046e0        0x4 build/Drivers/STM32G4xx_HAL_Driver/Src/stm32g4xx_hal_hrtim.o
                0x080046e0                HAL_HRTIM_BurstDMATransferCallback
 .text.HAL_HRTIM_RepetitionEventCallback
                0x080046e4        0x4 build/Drivers/STM32G4xx_HAL_Driver/Src/stm32g4xx_hal_hrtim.o
                0x080046e4                HAL_HRTIM_RepetitionEventCallback
 .text.HAL_HRTIM_Compare1EventCallback
                0x080046e8        0x4 build/Drivers/STM32G4xx_HAL_Driver/Src/stm32g4xx_hal_hrtim.o
                0x080046e8                HAL_HRTIM_Compare1EventCallback
 .text.HAL_HRTIM_Compare2EventCallback
                0x080046ec        0x4 build/Drivers/STM32G4xx_HAL_Driver/Src/stm32g4xx_hal_hrtim.o
                0x080046ec                HAL_HRTIM_Compare2EventCallback
 .text.HAL_HRTIM_Compare3EventCallback
                0x080046f0        0x4 build/Drivers/STM32G4xx_HAL_Driver/Src/stm32g4xx_hal_hrtim.o
                0x080046f0                HAL_HRTIM_Compare3EventCallback
 .text.HAL_HRTIM_Compare4EventCallback
                0x080046f4        0x4 build/Drivers/STM32G4xx_HAL_Driver/Src/stm32g4xx_hal_hrtim.o
                0x080046f4                HAL_HRTIM_Compare4EventCallback
 .text.HAL_HRTIM_Capture1EventCallback
                0x080046f8        0x4 build/Drivers/STM32G4xx_HAL_Driver/Src/stm32g4xx_hal_hrtim.o
                0x080046f8                HAL_HRTIM_Capture1EventCallback
 .text.HAL_HRTIM_Capture2EventCallback
                0x080046fc        0x4 build/Drivers/STM32G4xx_HAL_Driver/Src/stm32g4xx_hal_hrtim.o
                0x080046fc                HAL_HRTIM_Capture2EventCallback
 .text.HAL_HRTIM_DelayedProtectionCallback
                0x08004700        0x4 build/Drivers/STM32G4xx_HAL_Driver/Src/stm32g4xx_hal_hrtim.o
                0x08004700                HAL_HRTIM_DelayedProtectionCallback
 .text.HAL_HRTIM_CounterResetCallback
                0x08004704        0x4 build/Drivers/STM32G4xx_HAL_Driver/Src/stm32g4xx_hal_hrtim.o
                0x08004704                HAL_HRTIM_CounterResetCallback
 .text.HAL_HRTIM_Output1SetCallback
                0x08004708        0x4 build/Drivers/STM32G4xx_HAL_Driver/Src/stm32g4xx_hal_hrtim.o
                0x08004708                HAL_HRTIM_Output1SetCallback
 .text.HAL_HRTIM_Output1ResetCallback
                0x0800470c        0x4 build/Drivers/STM32G4xx_HAL_Driver/Src/stm32g4xx_hal_hrtim.o
                0x0800470c                HAL_HRTIM_Output1ResetCallback
 .text.HAL_HRTIM_Output2SetCallback
                0x08004710        0x4 build/Drivers/STM32G4xx_HAL_Driver/Src/stm32g4xx_hal_hrtim.o
                0x08004710                HAL_HRTIM_Output2SetCallback
 .text.HAL_HRTIM_Output2ResetCallback
                0x08004714        0x4 build/Drivers/STM32G4xx_HAL_Driver/Src/stm32g4xx_hal_hrtim.o
                0x08004714                HAL_HRTIM_Output2ResetCallback
 .text.HAL_HRTIM_ErrorCallback
                0x08004718        0x4 build/Drivers/STM32G4xx_HAL_Driver/Src/stm32g4xx_hal_hrtim.o
                0x08004718                HAL_HRTIM_ErrorCallback
 .text.HAL_HRTIM_SynchronizationEventCallback
                0x0800471c        0x4 build/Drivers/STM32G4xx_HAL_Driver/Src/stm32g4xx_hal_hrtim.o
                0x0800471c                HAL_HRTIM_SynchronizationEventCallback
 .text.HAL_HRTIM_DLLCalibrationReadyCallback
                0x08004720        0x4 build/Drivers/STM32G4xx_HAL_Driver/Src/stm32g4xx_hal_hrtim.o
                0x08004720                HAL_HRTIM_DLLCalibrationReadyCallback
 .text.HAL_HRTIM_BurstModePeriodCallback
                0x08004724        0x4 build/Drivers/STM32G4xx_HAL_Driver/Src/stm32g4xx_hal_hrtim.o
                0x08004724                HAL_HRTIM_BurstModePeriodCallback
 .text.HAL_HRTIM_Fault1Callback
                0x08004728        0x4 build/Drivers/STM32G4xx_HAL_Driver/Src/stm32g4xx_hal_hrtim.o
                0x08004728                HAL_HRTIM_Fault1Callback
 .text.HAL_HRTIM_Fault2Callback
                0x0800472c        0x4 build/Drivers/STM32G4xx_HAL_Driver/Src/stm32g4xx_hal_hrtim.o
                0x0800472c                HAL_HRTIM_Fault2Callback
 .text.HAL_HRTIM_Fault3Callback
                0x08004730        0x4 build/Drivers/STM32G4xx_HAL_Driver/Src/stm32g4xx_hal_hrtim.o
                0x08004730                HAL_HRTIM_Fault3Callback
 .text.HAL_HRTIM_Fault4Callback
                0x08004734        0x4 build/Drivers/STM32G4xx_HAL_Driver/Src/stm32g4xx_hal_hrtim.o
                0x08004734                HAL_HRTIM_Fault4Callback
 .text.HAL_HRTIM_Fault5Callback
                0x08004738        0x4 build/Drivers/STM32G4xx_HAL_Driver/Src/stm32g4xx_hal_hrtim.o
                0x08004738                HAL_HRTIM_Fault5Callback
 .text.HAL_HRTIM_Fault6Callback
                0x0800473c        0x4 build/Drivers/STM32G4xx_HAL_Driver/Src/stm32g4xx_hal_hrtim.o
                0x0800473c                HAL_HRTIM_Fault6Callback
 .text.HAL_HRTIM_SystemFaultCallback
                0x08004740        0x4 build/Drivers/STM32G4xx_HAL_Driver/Src/stm32g4xx_hal_hrtim.o
                0x08004740                HAL_HRTIM_SystemFaultCallback
 .text.HAL_HRTIM_Init
                0x08004744      0x1e0 build/Drivers/STM32G4xx_HAL_Driver/Src/stm32g4xx_hal_hrtim.o
                0x08004744                HAL_HRTIM_Init
 .text.HAL_HRTIM_DLLCalibrationStart
                0x08004924       0x70 build/Drivers/STM32G4xx_HAL_Driver/Src/stm32g4xx_hal_hrtim.o
                0x08004924                HAL_HRTIM_DLLCalibrationStart
 .text.HAL_HRTIM_PollForDLLCalibration
                0x08004994       0x4c build/Drivers/STM32G4xx_HAL_Driver/Src/stm32g4xx_hal_hrtim.o
                0x08004994                HAL_HRTIM_PollForDLLCalibration
 .text.HAL_HRTIM_TimeBaseConfig
                0x080049e0       0x6c build/Drivers/STM32G4xx_HAL_Driver/Src/stm32g4xx_hal_hrtim.o
                0x080049e0                HAL_HRTIM_TimeBaseConfig
 .text.HAL_HRTIM_EventConfig
                0x08004a4c      0x268 build/Drivers/STM32G4xx_HAL_Driver/Src/stm32g4xx_hal_hrtim.o
                0x08004a4c                HAL_HRTIM_EventConfig
 .text.HAL_HRTIM_EventPrescalerConfig
                0x08004cb4       0x48 build/Drivers/STM32G4xx_HAL_Driver/Src/stm32g4xx_hal_hrtim.o
                0x08004cb4                HAL_HRTIM_EventPrescalerConfig
 .text.HAL_HRTIM_FaultConfig
                0x08004cfc      0x1cc build/Drivers/STM32G4xx_HAL_Driver/Src/stm32g4xx_hal_hrtim.o
                0x08004cfc                HAL_HRTIM_FaultConfig
 .text.HAL_HRTIM_FaultPrescalerConfig
                0x08004ec8       0x44 build/Drivers/STM32G4xx_HAL_Driver/Src/stm32g4xx_hal_hrtim.o
                0x08004ec8                HAL_HRTIM_FaultPrescalerConfig
 .text.HAL_HRTIM_FaultBlankingConfigAndEnable
                0x08004f0c      0x118 build/Drivers/STM32G4xx_HAL_Driver/Src/stm32g4xx_hal_hrtim.o
                0x08004f0c                HAL_HRTIM_FaultBlankingConfigAndEnable
 .text.HAL_HRTIM_FaultCounterConfig
                0x08005024      0x138 build/Drivers/STM32G4xx_HAL_Driver/Src/stm32g4xx_hal_hrtim.o
                0x08005024                HAL_HRTIM_FaultCounterConfig
 .text.HAL_HRTIM_FaultModeCtl
                0x0800515c       0x74 build/Drivers/STM32G4xx_HAL_Driver/Src/stm32g4xx_hal_hrtim.o
                0x0800515c                HAL_HRTIM_FaultModeCtl
 .text.HAL_HRTIM_ADCTriggerConfig
                0x080051d0      0x250 build/Drivers/STM32G4xx_HAL_Driver/Src/stm32g4xx_hal_hrtim.o
                0x080051d0                HAL_HRTIM_ADCTriggerConfig
 .text.HAL_HRTIM_ADCPostScalerConfig
                0x08005420      0x138 build/Drivers/STM32G4xx_HAL_Driver/Src/stm32g4xx_hal_hrtim.o
                0x08005420                HAL_HRTIM_ADCPostScalerConfig
 .text.HAL_HRTIM_WaveformTimerConfig
                0x08005558      0x2f0 build/Drivers/STM32G4xx_HAL_Driver/Src/stm32g4xx_hal_hrtim.o
                0x08005558                HAL_HRTIM_WaveformTimerConfig
 .text.HAL_HRTIM_WaveformTimerControl
                0x08005848       0xf4 build/Drivers/STM32G4xx_HAL_Driver/Src/stm32g4xx_hal_hrtim.o
                0x08005848                HAL_HRTIM_WaveformTimerControl
 .text.HAL_HRTIM_TimerEventFilteringConfig
                0x0800593c      0x1c0 build/Drivers/STM32G4xx_HAL_Driver/Src/stm32g4xx_hal_hrtim.o
                0x0800593c                HAL_HRTIM_TimerEventFilteringConfig
 .text.HAL_HRTIM_DeadTimeConfig
                0x08005afc       0x9c build/Drivers/STM32G4xx_HAL_Driver/Src/stm32g4xx_hal_hrtim.o
                0x08005afc                HAL_HRTIM_DeadTimeConfig
 .text.HAL_HRTIM_WaveformCompareConfig
                0x08005b98      0x180 build/Drivers/STM32G4xx_HAL_Driver/Src/stm32g4xx_hal_hrtim.o
                0x08005b98                HAL_HRTIM_WaveformCompareConfig
 .text.HAL_HRTIM_WaveformOutputConfig
                0x08005d18       0xf0 build/Drivers/STM32G4xx_HAL_Driver/Src/stm32g4xx_hal_hrtim.o
                0x08005d18                HAL_HRTIM_WaveformOutputConfig
 .text.HAL_HRTIM_WaveformOutputStart
                0x08005e08       0x34 build/Drivers/STM32G4xx_HAL_Driver/Src/stm32g4xx_hal_hrtim.o
                0x08005e08                HAL_HRTIM_WaveformOutputStart
 .text.HAL_HRTIM_WaveformOutputStop
                0x08005e3c       0x34 build/Drivers/STM32G4xx_HAL_Driver/Src/stm32g4xx_hal_hrtim.o
                0x08005e3c                HAL_HRTIM_WaveformOutputStop
 .text.HAL_HRTIM_WaveformCountStart
                0x08005e70       0x30 build/Drivers/STM32G4xx_HAL_Driver/Src/stm32g4xx_hal_hrtim.o
                0x08005e70                HAL_HRTIM_WaveformCountStart
 .text.HAL_HRTIM_WaveformCountStart_DMA
                0x08005ea0      0x128 build/Drivers/STM32G4xx_HAL_Driver/Src/stm32g4xx_hal_hrtim.o
                0x08005ea0                HAL_HRTIM_WaveformCountStart_DMA
 .text.HAL_HRTIM_IRQHandler
                0x08005fc8      0x390 build/Drivers/STM32G4xx_HAL_Driver/Src/stm32g4xx_hal_hrtim.o
                0x08005fc8                HAL_HRTIM_IRQHandler
 .text.TIM_OC1_SetConfig
                0x08006358       0x80 build/Drivers/STM32G4xx_HAL_Driver/Src/stm32g4xx_hal_tim.o
 .text.TIM_OC3_SetConfig
                0x080063d8       0x88 build/Drivers/STM32G4xx_HAL_Driver/Src/stm32g4xx_hal_tim.o
 .text.TIM_OC4_SetConfig
                0x08006460       0x88 build/Drivers/STM32G4xx_HAL_Driver/Src/stm32g4xx_hal_tim.o
 .text.HAL_TIM_PWM_MspInit
                0x080064e8        0x4 build/Drivers/STM32G4xx_HAL_Driver/Src/stm32g4xx_hal_tim.o
                0x080064e8                HAL_TIM_PWM_MspInit
 .text.HAL_TIM_IC_MspInit
                0x080064ec        0x4 build/Drivers/STM32G4xx_HAL_Driver/Src/stm32g4xx_hal_tim.o
                0x080064ec                HAL_TIM_IC_MspInit
 .text.HAL_TIM_PeriodElapsedCallback
                0x080064f0        0x4 build/Drivers/STM32G4xx_HAL_Driver/Src/stm32g4xx_hal_tim.o
                0x080064f0                HAL_TIM_PeriodElapsedCallback
 .text.HAL_TIM_PeriodElapsedHalfCpltCallback
                0x080064f4        0x4 build/Drivers/STM32G4xx_HAL_Driver/Src/stm32g4xx_hal_tim.o
                0x080064f4                HAL_TIM_PeriodElapsedHalfCpltCallback
 .text.HAL_TIM_OC_DelayElapsedCallback
                0x080064f8        0x4 build/Drivers/STM32G4xx_HAL_Driver/Src/stm32g4xx_hal_tim.o
                0x080064f8                HAL_TIM_OC_DelayElapsedCallback
 .text.HAL_TIM_IC_CaptureCallback
                0x080064fc        0x4 build/Drivers/STM32G4xx_HAL_Driver/Src/stm32g4xx_hal_tim.o
                0x080064fc                HAL_TIM_IC_CaptureCallback
 .text.HAL_TIM_IC_CaptureHalfCpltCallback
                0x08006500        0x4 build/Drivers/STM32G4xx_HAL_Driver/Src/stm32g4xx_hal_tim.o
                0x08006500                HAL_TIM_IC_CaptureHalfCpltCallback
 .text.HAL_TIM_PWM_PulseFinishedCallback
                0x08006504        0x4 build/Drivers/STM32G4xx_HAL_Driver/Src/stm32g4xx_hal_tim.o
                0x08006504                HAL_TIM_PWM_PulseFinishedCallback
 .text.HAL_TIM_PWM_PulseFinishedHalfCpltCallback
                0x08006508        0x4 build/Drivers/STM32G4xx_HAL_Driver/Src/stm32g4xx_hal_tim.o
                0x08006508                HAL_TIM_PWM_PulseFinishedHalfCpltCallback
 .text.HAL_TIM_TriggerCallback
                0x0800650c        0x4 build/Drivers/STM32G4xx_HAL_Driver/Src/stm32g4xx_hal_tim.o
                0x0800650c                HAL_TIM_TriggerCallback
 .text.HAL_TIM_TriggerHalfCpltCallback
                0x08006510        0x4 build/Drivers/STM32G4xx_HAL_Driver/Src/stm32g4xx_hal_tim.o
                0x08006510                HAL_TIM_TriggerHalfCpltCallback
 .text.HAL_TIM_ErrorCallback
                0x08006514        0x4 build/Drivers/STM32G4xx_HAL_Driver/Src/stm32g4xx_hal_tim.o
                0x08006514                HAL_TIM_ErrorCallback
 .text.HAL_TIM_Base_Init
                0x08006518      0x1e4 build/Drivers/STM32G4xx_HAL_Driver/Src/stm32g4xx_hal_tim.o
                0x08006518                HAL_TIM_Base_Init
 .text.HAL_TIM_Base_Start
                0x080066fc       0x74 build/Drivers/STM32G4xx_HAL_Driver/Src/stm32g4xx_hal_tim.o
                0x080066fc                HAL_TIM_Base_Start
 .text.HAL_TIM_Base_Start_IT
                0x08006770       0x80 build/Drivers/STM32G4xx_HAL_Driver/Src/stm32g4xx_hal_tim.o
                0x08006770                HAL_TIM_Base_Start_IT
 .text.HAL_TIM_PWM_Init
                0x080067f0      0x1e4 build/Drivers/STM32G4xx_HAL_Driver/Src/stm32g4xx_hal_tim.o
                0x080067f0                HAL_TIM_PWM_Init
 .text.HAL_TIM_IC_Init
                0x080069d4      0x1e4 build/Drivers/STM32G4xx_HAL_Driver/Src/stm32g4xx_hal_tim.o
                0x080069d4                HAL_TIM_IC_Init
 .text.HAL_TIM_IRQHandler
                0x08006bb8      0x1f0 build/Drivers/STM32G4xx_HAL_Driver/Src/stm32g4xx_hal_tim.o
                0x08006bb8                HAL_TIM_IRQHandler
 .text.HAL_TIM_IC_ConfigChannel
                0x08006da8      0x194 build/Drivers/STM32G4xx_HAL_Driver/Src/stm32g4xx_hal_tim.o
                0x08006da8                HAL_TIM_IC_ConfigChannel
 .text.HAL_TIM_ConfigClockSource
                0x08006f3c      0x1b4 build/Drivers/STM32G4xx_HAL_Driver/Src/stm32g4xx_hal_tim.o
                0x08006f3c                HAL_TIM_ConfigClockSource
 .text.HAL_TIM_RegisterCallback
                0x080070f0      0x104 build/Drivers/STM32G4xx_HAL_Driver/Src/stm32g4xx_hal_tim.o
                0x080070f0                HAL_TIM_RegisterCallback
 .text.TIM_OC2_SetConfig
                0x080071f4       0x88 build/Drivers/STM32G4xx_HAL_Driver/Src/stm32g4xx_hal_tim.o
                0x080071f4                TIM_OC2_SetConfig
 .text.HAL_TIM_PWM_ConfigChannel
                0x0800727c      0x1dc build/Drivers/STM32G4xx_HAL_Driver/Src/stm32g4xx_hal_tim.o
                0x0800727c                HAL_TIM_PWM_ConfigChannel
 .text.HAL_TIMEx_PWMN_Start
                0x08007458       0xd0 build/Drivers/STM32G4xx_HAL_Driver/Src/stm32g4xx_hal_tim_ex.o
                0x08007458                HAL_TIMEx_PWMN_Start
 .text.HAL_TIMEx_MasterConfigSynchronization
                0x08007528       0xb4 build/Drivers/STM32G4xx_HAL_Driver/Src/stm32g4xx_hal_tim_ex.o
                0x08007528                HAL_TIMEx_MasterConfigSynchronization
 .text.HAL_TIMEx_ConfigBreakDeadTime
                0x080075dc       0xa4 build/Drivers/STM32G4xx_HAL_Driver/Src/stm32g4xx_hal_tim_ex.o
                0x080075dc                HAL_TIMEx_ConfigBreakDeadTime
 .text.HAL_TIMEx_CommutCallback
                0x08007680        0x4 build/Drivers/STM32G4xx_HAL_Driver/Src/stm32g4xx_hal_tim_ex.o
                0x08007680                HAL_TIMEx_CommutCallback
 .text.HAL_TIMEx_CommutHalfCpltCallback
                0x08007684        0x4 build/Drivers/STM32G4xx_HAL_Driver/Src/stm32g4xx_hal_tim_ex.o
                0x08007684                HAL_TIMEx_CommutHalfCpltCallback
 .text.HAL_TIMEx_BreakCallback
                0x08007688        0x4 build/Drivers/STM32G4xx_HAL_Driver/Src/stm32g4xx_hal_tim_ex.o
                0x08007688                HAL_TIMEx_BreakCallback
 .text.HAL_TIMEx_Break2Callback
                0x0800768c        0x4 build/Drivers/STM32G4xx_HAL_Driver/Src/stm32g4xx_hal_tim_ex.o
                0x0800768c                HAL_TIMEx_Break2Callback
 .text.HAL_TIMEx_EncoderIndexCallback
                0x08007690        0x4 build/Drivers/STM32G4xx_HAL_Driver/Src/stm32g4xx_hal_tim_ex.o
                0x08007690                HAL_TIMEx_EncoderIndexCallback
 .text.HAL_TIMEx_DirectionChangeCallback
                0x08007694        0x4 build/Drivers/STM32G4xx_HAL_Driver/Src/stm32g4xx_hal_tim_ex.o
                0x08007694                HAL_TIMEx_DirectionChangeCallback
 .text.HAL_TIMEx_IndexErrorCallback
                0x08007698        0x4 build/Drivers/STM32G4xx_HAL_Driver/Src/stm32g4xx_hal_tim_ex.o
                0x08007698                HAL_TIMEx_IndexErrorCallback
 .text.HAL_TIMEx_TransitionErrorCallback
                0x0800769c        0x4 build/Drivers/STM32G4xx_HAL_Driver/Src/stm32g4xx_hal_tim_ex.o
                0x0800769c                HAL_TIMEx_TransitionErrorCallback
 .text.SystemInit
                0x080076a0       0x14 build/Core/Src/system_stm32g4xx.o
                0x080076a0                SystemInit
 .text.HAL_HRTIM_MspInit
                0x080076b4       0x98 build/Core/Src/hrtim.o
                0x080076b4                HAL_HRTIM_MspInit
 .text.HAL_HRTIM_MspPostInit
                0x0800774c       0x84 build/Core/Src/hrtim.o
                0x0800774c                HAL_HRTIM_MspPostInit
 .text.MX_HRTIM1_Init
                0x080077d0      0x998 build/Core/Src/hrtim.o
                0x080077d0                MX_HRTIM1_Init
 .text.MX_DMA_Init
                0x08008168       0x44 build/Core/Src/dma.o
                0x08008168                MX_DMA_Init
 .text.MX_COMP2_Init
                0x080081ac       0x30 build/Core/Src/comp.o
                0x080081ac                MX_COMP2_Init
 .text.MX_COMP3_Init
                0x080081dc       0x30 build/Core/Src/comp.o
                0x080081dc                MX_COMP3_Init
 .text.MX_COMP6_Init
                0x0800820c       0x34 build/Core/Src/comp.o
                0x0800820c                MX_COMP6_Init
 .text.HAL_COMP_MspInit
                0x08008240      0x128 build/Core/Src/comp.o
                0x08008240                HAL_COMP_MspInit
 .text.MX_OPAMP1_Init
                0x08008368       0x34 build/Core/Src/opamp.o
                0x08008368                MX_OPAMP1_Init
 .text.MX_OPAMP2_Init
                0x0800839c       0x34 build/Core/Src/opamp.o
                0x0800839c                MX_OPAMP2_Init
 .text.MX_OPAMP3_Init
                0x080083d0       0x34 build/Core/Src/opamp.o
                0x080083d0                MX_OPAMP3_Init
 .text.MX_OPAMP4_Init
                0x08008404       0x30 build/Core/Src/opamp.o
                0x08008404                MX_OPAMP4_Init
 .text.HAL_OPAMP_MspInit
                0x08008434      0x130 build/Core/Src/opamp.o
                0x08008434                HAL_OPAMP_MspInit
 .text.HAL_COMP_Init
                0x08008564      0x298 build/Drivers/STM32G4xx_HAL_Driver/Src/stm32g4xx_hal_comp.o
                0x08008564                HAL_COMP_Init
 .text.HAL_COMP_Start
                0x080087fc       0x58 build/Drivers/STM32G4xx_HAL_Driver/Src/stm32g4xx_hal_comp.o
                0x080087fc                HAL_COMP_Start
 .text.HAL_OPAMP_Init
                0x08008854       0xf0 build/Drivers/STM32G4xx_HAL_Driver/Src/stm32g4xx_hal_opamp.o
                0x08008854                HAL_OPAMP_Init
 .text.HAL_OPAMP_Start
                0x08008944       0x30 build/Drivers/STM32G4xx_HAL_Driver/Src/stm32g4xx_hal_opamp.o
                0x08008944                HAL_OPAMP_Start
 .text.HAL_OPAMP_SelfCalibrate
                0x08008974      0x154 build/Drivers/STM32G4xx_HAL_Driver/Src/stm32g4xx_hal_opamp.o
                0x08008974                HAL_OPAMP_SelfCalibrate
 .text.MX_DAC1_Init
                0x08008ac8       0xb8 build/Core/Src/dac.o
                0x08008ac8                MX_DAC1_Init
 .text.HAL_DAC_MspInit
                0x08008b80       0x74 build/Core/Src/dac.o
                0x08008b80                HAL_DAC_MspInit
 .text.HAL_DAC_Init
                0x08008bf4       0x2c build/Drivers/STM32G4xx_HAL_Driver/Src/stm32g4xx_hal_dac.o
                0x08008bf4                HAL_DAC_Init
 .text.HAL_DAC_Start
                0x08008c20       0x94 build/Drivers/STM32G4xx_HAL_Driver/Src/stm32g4xx_hal_dac.o
                0x08008c20                HAL_DAC_Start
 .text.HAL_DAC_DMAUnderrunCallbackCh1
                0x08008cb4        0x4 build/Drivers/STM32G4xx_HAL_Driver/Src/stm32g4xx_hal_dac.o
                0x08008cb4                HAL_DAC_DMAUnderrunCallbackCh1
 .text.HAL_DAC_IRQHandler
                0x08008cb8       0x64 build/Drivers/STM32G4xx_HAL_Driver/Src/stm32g4xx_hal_dac.o
                0x08008cb8                HAL_DAC_IRQHandler
 .text.HAL_DAC_ConfigChannel
                0x08008d1c      0x1d8 build/Drivers/STM32G4xx_HAL_Driver/Src/stm32g4xx_hal_dac.o
                0x08008d1c                HAL_DAC_ConfigChannel
 .text.HAL_DACEx_SawtoothWaveGenerate
                0x08008ef4       0x68 build/Drivers/STM32G4xx_HAL_Driver/Src/stm32g4xx_hal_dac_ex.o
                0x08008ef4                HAL_DACEx_SawtoothWaveGenerate
 .text.HAL_DACEx_DMAUnderrunCallbackCh2
                0x08008f5c        0x4 build/Drivers/STM32G4xx_HAL_Driver/Src/stm32g4xx_hal_dac_ex.o
                0x08008f5c                HAL_DACEx_DMAUnderrunCallbackCh2
 .text._ZN7CANcomm4initEv
                0x08008f60       0x50 build/Core/Src/Communication.o
                0x08008f60                CANcomm::init()
 .text._ZN7CANcomm10sendSCDataEv
                0x08008fb0      0x14c build/Core/Src/Communication.o
                0x08008fb0                CANcomm::sendSCData()
 .text._ZN7CANcomm13rxDataHandlerERK6RxData
                0x080090fc       0xd8 build/Core/Src/Communication.o
                0x080090fc                CANcomm::rxDataHandler(RxData const&)
 .text.FDCAN3_IT0_IRQHandler
                0x080091d4       0x78 build/Core/Src/Communication.o
                0x080091d4                FDCAN3_IT0_IRQHandler
 .text.startup._GLOBAL__sub_I_rxData
                0x0800924c       0x3c build/Core/Src/Communication.o
 .text._ZN6Buzzer4initEv
                0x08009288       0x20 build/Core/Src/Interface.o
                0x08009288                Buzzer::init()
 .text._ZN6Buzzer4playEtt
                0x080092a8       0x3c build/Core/Src/Interface.o
                0x080092a8                Buzzer::play(unsigned short, unsigned short)
 .text._ZN6Buzzer6updateEv
                0x080092e4       0x24 build/Core/Src/Interface.o
                0x080092e4                Buzzer::update()
 .text._ZN9Interface17updateButtonStateEv
                0x08009308       0x90 build/Core/Src/Interface.o
                0x08009308                Interface::updateButtonState()
 .text._ZN9Interface20updateBuzzerSequenceEv
                0x08009398      0x1a0 build/Core/Src/Interface.o
                0x08009398                Interface::updateBuzzerSequence()
 .text.startup._GLOBAL__sub_I_interfaceStatus
                0x08009538       0x10 build/Core/Src/Interface.o
 .text._ZN5HRTIM10startTimerEv
                0x08009548       0x48 build/Core/Src/PowerManager.o
                0x08009548                HRTIM::startTimer()
 .text._ZN5HRTIM15disableOutputABEv
                0x08009590       0x30 build/Core/Src/PowerManager.o
                0x08009590                HRTIM::disableOutputAB()
 .text._ZN3ADC10initAnalogEv
                0x080095c0       0x80 build/Core/Src/PowerManager.o
                0x080095c0                ADC::initAnalog()
 .text._ZN3ADC7initADCEv
                0x08009640       0x58 build/Core/Src/PowerManager.o
                0x08009640                ADC::initADC()
 .text._ZN3ADC11updateADClfEv
                0x08009698       0x30 build/Core/Src/PowerManager.o
                0x08009698                ADC::updateADClf()
 .text._ZN12PowerControl17powerOnOffControlEv
                0x080096c8       0xa0 build/Core/Src/PowerManager.o
                0x080096c8                PowerControl::powerOnOffControl()
 .text._ZN12PowerControl18updateRefereePowerERK6RxDataRKm
                0x08009768       0xe4 build/Core/Src/PowerManager.o
                0x08009768                PowerControl::updateRefereePower(RxData const&, unsigned long const&)
 .text._ZN12PowerControl18checkRxDataTimeoutERKm
                0x0800984c       0x5c build/Core/Src/PowerManager.o
                0x0800984c                PowerControl::checkRxDataTimeout(unsigned long const&)
 .text._ZN10Protection14errorHandlerLFEv
                0x080098a8       0xf0 build/Core/Src/PowerManager.o
                0x080098a8                Protection::errorHandlerLF()
 .text._ZN10Protection15checkLowBatteryEv
                0x08009998       0x94 build/Core/Src/PowerManager.o
                0x08009998                Protection::checkLowBattery()
 .text._ZN10Protection10configAWDGEv
                0x08009a2c       0x40 build/Core/Src/PowerManager.o
                0x08009a2c                Protection::configAWDG()
 .text._ZN10Protection16checkHardwareUIDEv
                0x08009a6c       0x60 build/Core/Src/PowerManager.o
                0x08009a6c                Protection::checkHardwareUID()
 .text._ZN10Protection14autoClearErrorEv
                0x08009acc       0x50 build/Core/Src/PowerManager.o
                0x08009acc                Protection::autoClearError()
 .text._ZN10Protection16manualClearErrorEv
                0x08009b1c       0x4c build/Core/Src/PowerManager.o
                0x08009b1c                Protection::manualClearError()
 .text._ZN6CAPARR19getMaxPowerFeedbackEv
                0x08009b68       0x8c build/Core/Src/PowerManager.o
                0x08009b68                CAPARR::getMaxPowerFeedback()
 .text._ZN6CAPARR16estimateCapacityERKm
                0x08009bf4      0x18c build/Core/Src/PowerManager.o
                0x08009bf4                CAPARR::estimateCapacity(unsigned long const&)
 .text.HRTIM1_FLT_IRQHandler
                0x08009d80      0x174 build/Core/Src/PowerManager.o
                0x08009d80                HRTIM1_FLT_IRQHandler
 .text.startup._GLOBAL__sub_I_sysData
                0x08009ef4       0xc4 build/Core/Src/PowerManager.o
 .text._Z12tickCallbackP19__TIM_HandleTypeDef
                0x08009fb8       0xac build/Core/Src/UserTask.o
                0x08009fb8                tickCallback(__TIM_HandleTypeDef*)
 .text._Z4initv
                0x0800a064       0x80 build/Core/Src/UserTask.o
                0x0800a064                init()
 .text.systemStart
                0x0800a0e4       0x10 build/Core/Src/UserTask.o
                0x0800a0e4                systemStart
 .text._ZN15IncreasementPID12computeDeltaEff
                0x0800a0f4       0x8c build/Core/Src/Utility.o
                0x0800a0f4                IncreasementPID::computeDelta(float, float)
 .text._ZN15IncreasementPID10resetErrorEv
                0x0800a180        0xc build/Core/Src/Utility.o
                0x0800a180                IncreasementPID::resetError()
 .text._ZN15IncreasementPID9getOutputEv
                0x0800a18c        0x8 build/Core/Src/Utility.o
                0x0800a18c                IncreasementPID::getOutput()
 .text.Reset_Handler
                0x0800a194       0x50 build/startup_stm32g474xx.o
                0x0800a194                Reset_Handler
 .text.Default_Handler
                0x0800a1e4        0x2 build/startup_stm32g474xx.o
                0x0800a1e4                RTC_Alarm_IRQHandler
                0x0800a1e4                EXTI2_IRQHandler
                0x0800a1e4                TIM8_TRG_COM_IRQHandler
                0x0800a1e4                TIM8_CC_IRQHandler
                0x0800a1e4                SPI4_IRQHandler
                0x0800a1e4                TIM1_CC_IRQHandler
                0x0800a1e4                HRTIM1_TIMF_IRQHandler
                0x0800a1e4                USB_HP_IRQHandler
                0x0800a1e4                CORDIC_IRQHandler
                0x0800a1e4                HRTIM1_TIMD_IRQHandler
                0x0800a1e4                DMA2_Channel8_IRQHandler
                0x0800a1e4                EXTI3_IRQHandler
                0x0800a1e4                I2C3_ER_IRQHandler
                0x0800a1e4                EXTI0_IRQHandler
                0x0800a1e4                I2C2_EV_IRQHandler
                0x0800a1e4                FPU_IRQHandler
                0x0800a1e4                FDCAN1_IT1_IRQHandler
                0x0800a1e4                TIM1_UP_TIM16_IRQHandler
                0x0800a1e4                ADC1_2_IRQHandler
                0x0800a1e4                HRTIM1_TIME_IRQHandler
                0x0800a1e4                SPI1_IRQHandler
                0x0800a1e4                HRTIM1_TIMC_IRQHandler
                0x0800a1e4                TIM8_UP_IRQHandler
                0x0800a1e4                DMA2_Channel2_IRQHandler
                0x0800a1e4                DMA1_Channel4_IRQHandler
                0x0800a1e4                USART3_IRQHandler
                0x0800a1e4                DMA1_Channel7_IRQHandler
                0x0800a1e4                UART5_IRQHandler
                0x0800a1e4                ADC3_IRQHandler
                0x0800a1e4                TIM4_IRQHandler
                0x0800a1e4                DMA2_Channel1_IRQHandler
                0x0800a1e4                QUADSPI_IRQHandler
                0x0800a1e4                I2C1_EV_IRQHandler
                0x0800a1e4                DMA1_Channel6_IRQHandler
                0x0800a1e4                UART4_IRQHandler
                0x0800a1e4                DMA2_Channel4_IRQHandler
                0x0800a1e4                TIM3_IRQHandler
                0x0800a1e4                RCC_IRQHandler
                0x0800a1e4                DMA1_Channel1_IRQHandler
                0x0800a1e4                Default_Handler
                0x0800a1e4                DMA2_Channel7_IRQHandler
                0x0800a1e4                RTC_TAMP_LSECSS_IRQHandler
                0x0800a1e4                FMAC_IRQHandler
                0x0800a1e4                EXTI15_10_IRQHandler
                0x0800a1e4                DMA1_Channel8_IRQHandler
                0x0800a1e4                HRTIM1_TIMA_IRQHandler
                0x0800a1e4                TIM7_DAC_IRQHandler
                0x0800a1e4                FDCAN3_IT1_IRQHandler
                0x0800a1e4                TIM5_IRQHandler
                0x0800a1e4                UCPD1_IRQHandler
                0x0800a1e4                I2C3_EV_IRQHandler
                0x0800a1e4                EXTI9_5_IRQHandler
                0x0800a1e4                RTC_WKUP_IRQHandler
                0x0800a1e4                PVD_PVM_IRQHandler
                0x0800a1e4                SPI2_IRQHandler
                0x0800a1e4                ADC5_IRQHandler
                0x0800a1e4                DMA2_Channel5_IRQHandler
                0x0800a1e4                CRS_IRQHandler
                0x0800a1e4                DMA1_Channel5_IRQHandler
                0x0800a1e4                USB_LP_IRQHandler
                0x0800a1e4                EXTI4_IRQHandler
                0x0800a1e4                RNG_IRQHandler
                0x0800a1e4                HRTIM1_TIMB_IRQHandler
                0x0800a1e4                TIM1_TRG_COM_TIM17_IRQHandler
                0x0800a1e4                FDCAN2_IT1_IRQHandler
                0x0800a1e4                DMA1_Channel3_IRQHandler
                0x0800a1e4                ADC4_IRQHandler
                0x0800a1e4                WWDG_IRQHandler
                0x0800a1e4                I2C4_EV_IRQHandler
                0x0800a1e4                FDCAN2_IT0_IRQHandler
                0x0800a1e4                LPUART1_IRQHandler
                0x0800a1e4                DMA2_Channel6_IRQHandler
                0x0800a1e4                FDCAN1_IT0_IRQHandler
                0x0800a1e4                TIM2_IRQHandler
                0x0800a1e4                COMP7_IRQHandler
                0x0800a1e4                COMP1_2_3_IRQHandler
                0x0800a1e4                EXTI1_IRQHandler
                0x0800a1e4                USART2_IRQHandler
                0x0800a1e4                COMP4_5_6_IRQHandler
                0x0800a1e4                TIM20_BRK_IRQHandler
                0x0800a1e4                I2C2_ER_IRQHandler
                0x0800a1e4                DMA1_Channel2_IRQHandler
                0x0800a1e4                TIM8_BRK_IRQHandler
                0x0800a1e4                FLASH_IRQHandler
                0x0800a1e4                TIM20_CC_IRQHandler
                0x0800a1e4                USART1_IRQHandler
                0x0800a1e4                SPI3_IRQHandler
                0x0800a1e4                I2C1_ER_IRQHandler
                0x0800a1e4                FMC_IRQHandler
                0x0800a1e4                LPTIM1_IRQHandler
                0x0800a1e4                DMAMUX_OVR_IRQHandler
                0x0800a1e4                I2C4_ER_IRQHandler
                0x0800a1e4                USBWakeUp_IRQHandler
                0x0800a1e4                SAI1_IRQHandler
                0x0800a1e4                DMA2_Channel3_IRQHandler
                0x0800a1e4                TIM1_BRK_TIM15_IRQHandler
 *(.glue_7)
 .glue_7        0x0800a1e6        0x0 linker stubs
 *(.glue_7t)
 .glue_7t       0x0800a1e6        0x0 linker stubs
 *(.eh_frame)
 *fill*         0x0800a1e6        0x2 
 .eh_frame      0x0800a1e8        0x0 D:/msys2/mingw64/bin/../lib/gcc/arm-none-eabi/13.3.0/thumb/v7e-m+fp/hard/crtbegin.o
 *(.init)
 .init          0x0800a1e8        0x4 D:/msys2/mingw64/bin/../lib/gcc/arm-none-eabi/13.3.0/thumb/v7e-m+fp/hard/crti.o
                0x0800a1e8                _init
 .init          0x0800a1ec        0x8 D:/msys2/mingw64/bin/../lib/gcc/arm-none-eabi/13.3.0/thumb/v7e-m+fp/hard/crtn.o
 *(.fini)
 .fini          0x0800a1f4        0x4 D:/msys2/mingw64/bin/../lib/gcc/arm-none-eabi/13.3.0/thumb/v7e-m+fp/hard/crti.o
                0x0800a1f4                _fini
 .fini          0x0800a1f8        0x8 D:/msys2/mingw64/bin/../lib/gcc/arm-none-eabi/13.3.0/thumb/v7e-m+fp/hard/crtn.o
                0x0800a200                        . = ALIGN (0x4)
                0x0800a200                        _etext = .

.vfp11_veneer   0x0800a200        0x0
 .vfp11_veneer  0x0800a200        0x0 linker stubs

.v4_bx          0x0800a200        0x0
 .v4_bx         0x0800a200        0x0 linker stubs

.iplt           0x0800a200        0x0
 .iplt          0x0800a200        0x0 D:/msys2/mingw64/bin/../lib/gcc/arm-none-eabi/13.3.0/thumb/v7e-m+fp/hard/crtbegin.o

.code_in_ram    0x0800a200      0x998
 .code_in_ram   0x0800a200      0x998 build/Core/Src/PowerManager.o
                0x0800a200                HRTIM::modeStateMachine()
                0x0800a408                ADC::updateADCmf()
                0x0800a614                PowerControl::updateMFLoop()
                0x0800a824                Protection::checkShortCircuit()
                0x0800a928                Protection::checkEfficiency()
                0x0800a994                CAPARR::updateMaxCurrent()
                0x0800aa1c                HRTIM1_Master_IRQHandler

.rodata         0x0800ab98      0x258
                0x0800ab98                        . = ALIGN (0x4)
 *(.rodata)
 *(.rodata*)
 .rodata.DLCtoBytes
                0x0800ab98       0x10 build/Drivers/STM32G4xx_HAL_Driver/Src/stm32g4xx_hal_fdcan.o
 .rodata.TimerIdxToTimerId
                0x0800aba8       0x1c build/Drivers/STM32G4xx_HAL_Driver/Src/stm32g4xx_hal_hrtim.o
 .rodata.AHBPrescTable
                0x0800abc4       0x10 build/Core/Src/system_stm32g4xx.o
                0x0800abc4                AHBPrescTable
 .rodata._ZL19buzzerWS_LowBattery
                0x0800abd4       0x3c build/Core/Src/Interface.o
 .rodata._ZL13buzzerWS_OVPB
                0x0800ac10       0x3c build/Core/Src/Interface.o
 .rodata._ZL13buzzerWS_OVPA
                0x0800ac4c       0x3c build/Core/Src/Interface.o
 .rodata._ZL13buzzerWS_OCPR
                0x0800ac88       0x3c build/Core/Src/Interface.o
 .rodata._ZL13buzzerWS_OCPB
                0x0800acc4       0x3c build/Core/Src/Interface.o
 .rodata._ZL13buzzerWS_OCPA
                0x0800ad00       0x3c build/Core/Src/Interface.o
 .rodata._ZL13buzzerWS_SCPB
                0x0800ad3c       0x3c build/Core/Src/Interface.o
 .rodata._ZL13buzzerWS_SCPA
                0x0800ad78       0x3c build/Core/Src/Interface.o
 .rodata._ZL22buzzerWS_Unrecoverable
                0x0800adb4       0x3c build/Core/Src/Interface.o
                0x0800adf0                        . = ALIGN (0x4)

.ARM.extab      0x0800adf0        0x0
                0x0800adf0                        . = ALIGN (0x4)
 *(.ARM.extab* .gnu.linkonce.armextab.*)
                0x0800adf0                        . = ALIGN (0x4)

.ARM            0x0800adf0        0x0
                0x0800adf0                        . = ALIGN (0x4)
                0x0800adf0                        __exidx_start = .
 *(.ARM.exidx*)
                0x0800adf0                        __exidx_end = .
                0x0800adf0                        . = ALIGN (0x4)

.preinit_array  0x0800adf0        0x0
                0x0800adf0                        . = ALIGN (0x4)
                0x0800adf0                        PROVIDE (__preinit_array_start = .)
 *(.preinit_array*)
                0x0800adf0                        PROVIDE (__preinit_array_end = .)
                0x0800adf0                        . = ALIGN (0x4)

.init_array     0x0800adf0       0x10
                0x0800adf0                        . = ALIGN (0x4)
                0x0800adf0                        PROVIDE (__init_array_start = .)
 *(SORT_BY_NAME(.init_array.*))
 *(.init_array*)
 .init_array    0x0800adf0        0x4 D:/msys2/mingw64/bin/../lib/gcc/arm-none-eabi/13.3.0/thumb/v7e-m+fp/hard/crtbegin.o
 .init_array    0x0800adf4        0x4 build/Core/Src/Communication.o
 .init_array    0x0800adf8        0x4 build/Core/Src/Interface.o
 .init_array    0x0800adfc        0x4 build/Core/Src/PowerManager.o
                0x0800ae00                        PROVIDE (__init_array_end = .)
                0x0800ae00                        . = ALIGN (0x4)

.fini_array     0x0800ae00        0x4
                0x0800ae00                        . = ALIGN (0x4)
                0x0800ae00                        PROVIDE (__fini_array_start = .)
 *(SORT_BY_NAME(.fini_array.*))
 *(.fini_array*)
 .fini_array    0x0800ae00        0x4 D:/msys2/mingw64/bin/../lib/gcc/arm-none-eabi/13.3.0/thumb/v7e-m+fp/hard/crtbegin.o
                0x0800ae04                        PROVIDE (__fini_array_end = .)
                0x0800ae04                        . = ALIGN (0x4)
                0x0800ae04                        _sidata = LOADADDR (.data)

.rel.dyn        0x0800ae04        0x0
 .rel.iplt      0x0800ae04        0x0 D:/msys2/mingw64/bin/../lib/gcc/arm-none-eabi/13.3.0/thumb/v7e-m+fp/hard/crtbegin.o

.data           0x20000000       0x5c load address 0x0800ae04
                0x20000000                        . = ALIGN (0x4)
                0x20000000                        _sdata = .
 *(.data)
 *(.data*)
 .data.uwTickFreq
                0x20000000        0x4 build/Drivers/STM32G4xx_HAL_Driver/Src/stm32g4xx_hal.o
                0x20000000                uwTickFreq
 .data.uwTickPrio
                0x20000004        0x4 build/Drivers/STM32G4xx_HAL_Driver/Src/stm32g4xx_hal.o
                0x20000004                uwTickPrio
 .data.SystemCoreClock
                0x20000008        0x4 build/Core/Src/system_stm32g4xx.o
                0x20000008                SystemCoreClock
 .data.psData   0x2000000c       0x28 build/Core/Src/PowerManager.o
                0x2000000c                psData
 .data.capStatus
                0x20000034       0x28 build/Core/Src/PowerManager.o
                0x20000034                capStatus
 *(.RamFunc)
 *(.RamFunc*)
                0x2000005c                        . = ALIGN (0x4)
                0x2000005c                        _edata = .

.igot.plt       0x2000005c        0x0 load address 0x0800ae60
 .igot.plt      0x2000005c        0x0 D:/msys2/mingw64/bin/../lib/gcc/arm-none-eabi/13.3.0/thumb/v7e-m+fp/hard/crtbegin.o
                0x2000005c                        . = ALIGN (0x4)

.bss            0x20000060      0xe80 load address 0x0800ae60
                0x20000060                        _sbss = .
                0x20000060                        __bss_start__ = _sbss
 *(.bss)
 *(.bss*)
 .bss.completed.1
                0x20000060        0x1 D:/msys2/mingw64/bin/../lib/gcc/arm-none-eabi/13.3.0/thumb/v7e-m+fp/hard/crtbegin.o
 *fill*         0x20000061        0x3 
 .bss.object.0  0x20000064       0x18 D:/msys2/mingw64/bin/../lib/gcc/arm-none-eabi/13.3.0/thumb/v7e-m+fp/hard/crtbegin.o
 .bss.HAL_RCC_ADC12_CLK_ENABLED
                0x2000007c        0x4 build/Core/Src/adc.o
 .bss.hdma_adc4
                0x20000080       0x60 build/Core/Src/adc.o
                0x20000080                hdma_adc4
 .bss.hdma_adc1
                0x200000e0       0x60 build/Core/Src/adc.o
                0x200000e0                hdma_adc1
 .bss.hadc4     0x20000140       0x6c build/Core/Src/adc.o
                0x20000140                hadc4
 .bss.hadc2     0x200001ac       0x6c build/Core/Src/adc.o
                0x200001ac                hadc2
 .bss.hadc1     0x20000218       0x6c build/Core/Src/adc.o
                0x20000218                hadc1
 .bss.hfdcan3   0x20000284       0x98 build/Core/Src/fdcan.o
                0x20000284                hfdcan3
 .bss.hdma_tim2_ch3
                0x2000031c       0x60 build/Core/Src/tim.o
                0x2000031c                hdma_tim2_ch3
 *fill*         0x2000037c        0x4 
 .bss.htim20    0x20000380       0xcc build/Core/Src/tim.o
                0x20000380                htim20
 *fill*         0x2000044c        0x4 
 .bss.htim16    0x20000450       0xcc build/Core/Src/tim.o
                0x20000450                htim16
 *fill*         0x2000051c        0x4 
 .bss.htim6     0x20000520       0xcc build/Core/Src/tim.o
                0x20000520                htim6
 *fill*         0x200005ec        0x4 
 .bss.htim5     0x200005f0       0xcc build/Core/Src/tim.o
                0x200005f0                htim5
 *fill*         0x200006bc        0x4 
 .bss.htim3     0x200006c0       0xcc build/Core/Src/tim.o
                0x200006c0                htim3
 .bss.htim2     0x2000078c       0xcc build/Core/Src/tim.o
                0x2000078c                htim2
 .bss.htim1     0x20000858       0xcc build/Core/Src/tim.o
                0x20000858                htim1
 .bss.uwTick    0x20000924        0x4 build/Drivers/STM32G4xx_HAL_Driver/Src/stm32g4xx_hal.o
                0x20000924                uwTick
 .bss.hdma_hrtim1_e
                0x20000928       0x60 build/Core/Src/hrtim.o
                0x20000928                hdma_hrtim1_e
 .bss.hhrtim1   0x20000988      0x16c build/Core/Src/hrtim.o
                0x20000988                hhrtim1
 .bss.timerE_Duty_DMA_Buffer
                0x20000af4       0x10 build/Core/Src/hrtim.o
                0x20000af4                timerE_Duty_DMA_Buffer
 *fill*         0x20000b04        0x4 
 .bss.hcomp6    0x20000b08       0x24 build/Core/Src/comp.o
                0x20000b08                hcomp6
 *fill*         0x20000b2c        0x4 
 .bss.hcomp3    0x20000b30       0x24 build/Core/Src/comp.o
                0x20000b30                hcomp3
 *fill*         0x20000b54        0x4 
 .bss.hcomp2    0x20000b58       0x24 build/Core/Src/comp.o
                0x20000b58                hcomp2
 *fill*         0x20000b7c        0x4 
 .bss.hopamp4   0x20000b80       0x3c build/Core/Src/opamp.o
                0x20000b80                hopamp4
 *fill*         0x20000bbc        0x4 
 .bss.hopamp3   0x20000bc0       0x3c build/Core/Src/opamp.o
                0x20000bc0                hopamp3
 *fill*         0x20000bfc        0x4 
 .bss.hopamp2   0x20000c00       0x3c build/Core/Src/opamp.o
                0x20000c00                hopamp2
 *fill*         0x20000c3c        0x4 
 .bss.hopamp1   0x20000c40       0x3c build/Core/Src/opamp.o
                0x20000c40                hopamp1
 .bss.hdac1     0x20000c7c       0x14 build/Core/Src/dac.o
                0x20000c7c                hdac1
 .bss._ZN7CANcommL8rxHeaderE
                0x20000c90       0x28 build/Core/Src/Communication.o
 .bss._ZN7CANcommL11txHeaderNewE
                0x20000cb8       0x24 build/Core/Src/Communication.o
 *fill*         0x20000cdc        0x4 
 .bss._ZN7CANcommL8txHeaderE
                0x20000ce0       0x24 build/Core/Src/Communication.o
 .bss.txDataNew
                0x20000d04        0x8 build/Core/Src/Communication.o
                0x20000d04                txDataNew
 .bss.txData    0x20000d0c        0x8 build/Core/Src/Communication.o
                0x20000d0c                txData
 .bss.rxData1   0x20000d14        0x8 build/Core/Src/Communication.o
                0x20000d14                rxData1
 .bss.rxData    0x20000d1c        0x8 build/Core/Src/Communication.o
                0x20000d1c                rxData
 .bss._ZN6Buzzer8stopTimeE
                0x20000d24        0x4 build/Core/Src/Interface.o
                0x20000d24                Buzzer::stopTime
 .bss.interfaceStatus
                0x20000d28       0x42 build/Core/Src/Interface.o
                0x20000d28                interfaceStatus
 *fill*         0x20000d6a        0x2 
 .bss.errorData
                0x20000d6c       0x1c build/Core/Src/PowerManager.o
                0x20000d6c                errorData
 .bss.mfLoop    0x20000d88       0x58 build/Core/Src/PowerManager.o
                0x20000d88                mfLoop
 .bss.ctrlData  0x20000de0       0x34 build/Core/Src/PowerManager.o
                0x20000de0                ctrlData
 *fill*         0x20000e14        0x4 
 .bss.adcData   0x20000e18       0xac build/Core/Src/PowerManager.o
                0x20000e18                adcData
 .bss.sysData   0x20000ec4       0x1c build/Core/Src/PowerManager.o
                0x20000ec4                sysData
 *(COMMON)
                0x20000ee0                        . = ALIGN (0x4)
                0x20000ee0                        _ebss = .
                0x20000ee0                        __bss_end__ = _ebss

._user_heap_stack
                0x20000ee0      0x600 load address 0x0800ae60
                0x20000ee0                        . = ALIGN (0x8)
                [!provide]                        PROVIDE (end = .)
                0x20000ee0                        PROVIDE (_end = .)
                0x200010e0                        . = (. + _Min_Heap_Size)
 *fill*         0x20000ee0      0x200 
                0x200014e0                        . = (. + _Min_Stack_Size)
 *fill*         0x200010e0      0x400 
                0x200014e0                        . = ALIGN (0x8)

/DISCARD/
 libc.a(*)
 libm.a(*)
 libgcc.a(*)
OUTPUT(build/RM2025-PowerControlBoard.elf elf32-littlearm)
LOAD linker stubs
LOAD D:/msys2/mingw64/bin/../lib/gcc/arm-none-eabi/13.3.0/../../../../arm-none-eabi/lib/thumb/v7e-m+fp/hard\libc.a
LOAD D:/msys2/mingw64/bin/../lib/gcc/arm-none-eabi/13.3.0/../../../../arm-none-eabi/lib/thumb/v7e-m+fp/hard\libm.a
LOAD D:/msys2/mingw64/bin/../lib/gcc/arm-none-eabi/13.3.0/thumb/v7e-m+fp/hard\libgcc.a

.ARM.attributes
                0x00000000       0x30
 .ARM.attributes
                0x00000000       0x22 D:/msys2/mingw64/bin/../lib/gcc/arm-none-eabi/13.3.0/thumb/v7e-m+fp/hard/crti.o
 .ARM.attributes
                0x00000022       0x34 D:/msys2/mingw64/bin/../lib/gcc/arm-none-eabi/13.3.0/thumb/v7e-m+fp/hard/crtbegin.o
 .ARM.attributes
                0x00000056       0x30 build/Core/Src/main.o
 .ARM.attributes
                0x00000086       0x30 build/Core/Src/gpio.o
 .ARM.attributes
                0x000000b6       0x30 build/Core/Src/adc.o
 .ARM.attributes
                0x000000e6       0x30 build/Core/Src/fdcan.o
 .ARM.attributes
                0x00000116       0x30 build/Core/Src/tim.o
 .ARM.attributes
                0x00000146       0x30 build/Core/Src/stm32g4xx_it.o
 .ARM.attributes
                0x00000176       0x30 build/Core/Src/stm32g4xx_hal_msp.o
 .ARM.attributes
                0x000001a6       0x30 build/Drivers/STM32G4xx_HAL_Driver/Src/stm32g4xx_hal_adc.o
 .ARM.attributes
                0x000001d6       0x30 build/Drivers/STM32G4xx_HAL_Driver/Src/stm32g4xx_hal_adc_ex.o
 .ARM.attributes
                0x00000206       0x30 build/Drivers/STM32G4xx_HAL_Driver/Src/stm32g4xx_hal.o
 .ARM.attributes
                0x00000236       0x30 build/Drivers/STM32G4xx_HAL_Driver/Src/stm32g4xx_hal_rcc.o
 .ARM.attributes
                0x00000266       0x30 build/Drivers/STM32G4xx_HAL_Driver/Src/stm32g4xx_hal_rcc_ex.o
 .ARM.attributes
                0x00000296       0x30 build/Drivers/STM32G4xx_HAL_Driver/Src/stm32g4xx_hal_gpio.o
 .ARM.attributes
                0x000002c6       0x30 build/Drivers/STM32G4xx_HAL_Driver/Src/stm32g4xx_hal_dma.o
 .ARM.attributes
                0x000002f6       0x30 build/Drivers/STM32G4xx_HAL_Driver/Src/stm32g4xx_hal_pwr_ex.o
 .ARM.attributes
                0x00000326       0x30 build/Drivers/STM32G4xx_HAL_Driver/Src/stm32g4xx_hal_cortex.o
 .ARM.attributes
                0x00000356       0x30 build/Drivers/STM32G4xx_HAL_Driver/Src/stm32g4xx_hal_fdcan.o
 .ARM.attributes
                0x00000386       0x30 build/Drivers/STM32G4xx_HAL_Driver/Src/stm32g4xx_hal_hrtim.o
 .ARM.attributes
                0x000003b6       0x30 build/Drivers/STM32G4xx_HAL_Driver/Src/stm32g4xx_hal_tim.o
 .ARM.attributes
                0x000003e6       0x30 build/Drivers/STM32G4xx_HAL_Driver/Src/stm32g4xx_hal_tim_ex.o
 .ARM.attributes
                0x00000416       0x30 build/Core/Src/system_stm32g4xx.o
 .ARM.attributes
                0x00000446       0x30 build/Core/Src/hrtim.o
 .ARM.attributes
                0x00000476       0x30 build/Core/Src/dma.o
 .ARM.attributes
                0x000004a6       0x30 build/Core/Src/comp.o
 .ARM.attributes
                0x000004d6       0x30 build/Core/Src/opamp.o
 .ARM.attributes
                0x00000506       0x30 build/Drivers/STM32G4xx_HAL_Driver/Src/stm32g4xx_hal_comp.o
 .ARM.attributes
                0x00000536       0x30 build/Drivers/STM32G4xx_HAL_Driver/Src/stm32g4xx_hal_opamp.o
 .ARM.attributes
                0x00000566       0x30 build/Core/Src/dac.o
 .ARM.attributes
                0x00000596       0x30 build/Drivers/STM32G4xx_HAL_Driver/Src/stm32g4xx_hal_dac.o
 .ARM.attributes
                0x000005c6       0x30 build/Drivers/STM32G4xx_HAL_Driver/Src/stm32g4xx_hal_dac_ex.o
 .ARM.attributes
                0x000005f6       0x30 build/Core/Src/Communication.o
 .ARM.attributes
                0x00000626       0x30 build/Core/Src/Interface.o
 .ARM.attributes
                0x00000656       0x30 build/Core/Src/PowerManager.o
 .ARM.attributes
                0x00000686       0x30 build/Core/Src/UserTask.o
 .ARM.attributes
                0x000006b6       0x30 build/Core/Src/Utility.o
 .ARM.attributes
                0x000006e6       0x21 build/startup_stm32g474xx.o
 .ARM.attributes
                0x00000707       0x34 D:/msys2/mingw64/bin/../lib/gcc/arm-none-eabi/13.3.0/../../../../arm-none-eabi/lib/thumb/v7e-m+fp/hard\libc_nano.a(libc_a-memset.o)
 .ARM.attributes
                0x0000073b       0x34 D:/msys2/mingw64/bin/../lib/gcc/arm-none-eabi/13.3.0/../../../../arm-none-eabi/lib/thumb/v7e-m+fp/hard\libc_nano.a(libc_a-init.o)
 .ARM.attributes
                0x0000076f       0x22 D:/msys2/mingw64/bin/../lib/gcc/arm-none-eabi/13.3.0/thumb/v7e-m+fp/hard\libgcc.a(_arm_muldf3.o)
 .ARM.attributes
                0x00000791       0x22 D:/msys2/mingw64/bin/../lib/gcc/arm-none-eabi/13.3.0/thumb/v7e-m+fp/hard\libgcc.a(_arm_addsubdf3.o)
 .ARM.attributes
                0x000007b3       0x22 D:/msys2/mingw64/bin/../lib/gcc/arm-none-eabi/13.3.0/thumb/v7e-m+fp/hard\libgcc.a(_arm_truncdfsf2.o)
 .ARM.attributes
                0x000007d5       0x22 D:/msys2/mingw64/bin/../lib/gcc/arm-none-eabi/13.3.0/thumb/v7e-m+fp/hard/crtn.o

.comment        0x00000000       0x12
 .comment       0x00000000       0x12 build/Core/Src/main.o
                                 0x13 (size before relaxing)
 .comment       0x00000012       0x13 build/Core/Src/gpio.o
 .comment       0x00000012       0x13 build/Core/Src/adc.o
 .comment       0x00000012       0x13 build/Core/Src/fdcan.o
 .comment       0x00000012       0x13 build/Core/Src/tim.o
 .comment       0x00000012       0x13 build/Core/Src/stm32g4xx_it.o
 .comment       0x00000012       0x13 build/Core/Src/stm32g4xx_hal_msp.o
 .comment       0x00000012       0x13 build/Drivers/STM32G4xx_HAL_Driver/Src/stm32g4xx_hal_adc.o
 .comment       0x00000012       0x13 build/Drivers/STM32G4xx_HAL_Driver/Src/stm32g4xx_hal_adc_ex.o
 .comment       0x00000012       0x13 build/Drivers/STM32G4xx_HAL_Driver/Src/stm32g4xx_hal.o
 .comment       0x00000012       0x13 build/Drivers/STM32G4xx_HAL_Driver/Src/stm32g4xx_hal_rcc.o
 .comment       0x00000012       0x13 build/Drivers/STM32G4xx_HAL_Driver/Src/stm32g4xx_hal_rcc_ex.o
 .comment       0x00000012       0x13 build/Drivers/STM32G4xx_HAL_Driver/Src/stm32g4xx_hal_gpio.o
 .comment       0x00000012       0x13 build/Drivers/STM32G4xx_HAL_Driver/Src/stm32g4xx_hal_dma.o
 .comment       0x00000012       0x13 build/Drivers/STM32G4xx_HAL_Driver/Src/stm32g4xx_hal_pwr_ex.o
 .comment       0x00000012       0x13 build/Drivers/STM32G4xx_HAL_Driver/Src/stm32g4xx_hal_cortex.o
 .comment       0x00000012       0x13 build/Drivers/STM32G4xx_HAL_Driver/Src/stm32g4xx_hal_fdcan.o
 .comment       0x00000012       0x13 build/Drivers/STM32G4xx_HAL_Driver/Src/stm32g4xx_hal_hrtim.o
 .comment       0x00000012       0x13 build/Drivers/STM32G4xx_HAL_Driver/Src/stm32g4xx_hal_tim.o
 .comment       0x00000012       0x13 build/Drivers/STM32G4xx_HAL_Driver/Src/stm32g4xx_hal_tim_ex.o
 .comment       0x00000012       0x13 build/Core/Src/system_stm32g4xx.o
 .comment       0x00000012       0x13 build/Core/Src/hrtim.o
 .comment       0x00000012       0x13 build/Core/Src/dma.o
 .comment       0x00000012       0x13 build/Core/Src/comp.o
 .comment       0x00000012       0x13 build/Core/Src/opamp.o
 .comment       0x00000012       0x13 build/Drivers/STM32G4xx_HAL_Driver/Src/stm32g4xx_hal_comp.o
 .comment       0x00000012       0x13 build/Drivers/STM32G4xx_HAL_Driver/Src/stm32g4xx_hal_opamp.o
 .comment       0x00000012       0x13 build/Core/Src/dac.o
 .comment       0x00000012       0x13 build/Drivers/STM32G4xx_HAL_Driver/Src/stm32g4xx_hal_dac.o
 .comment       0x00000012       0x13 build/Drivers/STM32G4xx_HAL_Driver/Src/stm32g4xx_hal_dac_ex.o
 .comment       0x00000012       0x13 build/Core/Src/Communication.o
 .comment       0x00000012       0x13 build/Core/Src/Interface.o
 .comment       0x00000012       0x13 build/Core/Src/PowerManager.o
 .comment       0x00000012       0x13 build/Core/Src/UserTask.o
 .comment       0x00000012       0x13 build/Core/Src/Utility.o
 .comment       0x00000012       0x13 D:/msys2/mingw64/bin/../lib/gcc/arm-none-eabi/13.3.0/../../../../arm-none-eabi/lib/thumb/v7e-m+fp/hard\libc_nano.a(libc_a-memset.o)
 .comment       0x00000012       0x13 D:/msys2/mingw64/bin/../lib/gcc/arm-none-eabi/13.3.0/../../../../arm-none-eabi/lib/thumb/v7e-m+fp/hard\libc_nano.a(libc_a-init.o)

.debug_info     0x00000000    0x39d4f
 .debug_info    0x00000000      0x55d build/Core/Src/main.o
 .debug_info    0x0000055d      0x586 build/Core/Src/gpio.o
 .debug_info    0x00000ae3     0x1749 build/Core/Src/adc.o
 .debug_info    0x0000222c     0x1070 build/Core/Src/fdcan.o
 .debug_info    0x0000329c     0x1d78 build/Core/Src/tim.o
 .debug_info    0x00005014      0xd38 build/Core/Src/stm32g4xx_it.o
 .debug_info    0x00005d4c      0x3c8 build/Core/Src/stm32g4xx_hal_msp.o
 .debug_info    0x00006114     0x37a9 build/Drivers/STM32G4xx_HAL_Driver/Src/stm32g4xx_hal_adc.o
 .debug_info    0x000098bd     0x2faa build/Drivers/STM32G4xx_HAL_Driver/Src/stm32g4xx_hal_adc_ex.o
 .debug_info    0x0000c867      0xce4 build/Drivers/STM32G4xx_HAL_Driver/Src/stm32g4xx_hal.o
 .debug_info    0x0000d54b      0xfb4 build/Drivers/STM32G4xx_HAL_Driver/Src/stm32g4xx_hal_rcc.o
 .debug_info    0x0000e4ff      0xe66 build/Drivers/STM32G4xx_HAL_Driver/Src/stm32g4xx_hal_rcc_ex.o
 .debug_info    0x0000f365      0x865 build/Drivers/STM32G4xx_HAL_Driver/Src/stm32g4xx_hal_gpio.o
 .debug_info    0x0000fbca      0xaf3 build/Drivers/STM32G4xx_HAL_Driver/Src/stm32g4xx_hal_dma.o
 .debug_info    0x000106bd      0x9ef build/Drivers/STM32G4xx_HAL_Driver/Src/stm32g4xx_hal_pwr_ex.o
 .debug_info    0x000110ac     0x11a1 build/Drivers/STM32G4xx_HAL_Driver/Src/stm32g4xx_hal_cortex.o
 .debug_info    0x0001224d     0x2342 build/Drivers/STM32G4xx_HAL_Driver/Src/stm32g4xx_hal_fdcan.o
 .debug_info    0x0001458f     0x5958 build/Drivers/STM32G4xx_HAL_Driver/Src/stm32g4xx_hal_hrtim.o
 .debug_info    0x00019ee7     0x55df build/Drivers/STM32G4xx_HAL_Driver/Src/stm32g4xx_hal_tim.o
 .debug_info    0x0001f4c6     0x289b build/Drivers/STM32G4xx_HAL_Driver/Src/stm32g4xx_hal_tim_ex.o
 .debug_info    0x00021d61      0x5b8 build/Core/Src/system_stm32g4xx.o
 .debug_info    0x00022319     0x2cca build/Core/Src/hrtim.o
 .debug_info    0x00024fe3      0x33d build/Core/Src/dma.o
 .debug_info    0x00025320      0x923 build/Core/Src/comp.o
 .debug_info    0x00025c43      0xa1e build/Core/Src/opamp.o
 .debug_info    0x00026661      0xbd8 build/Drivers/STM32G4xx_HAL_Driver/Src/stm32g4xx_hal_comp.o
 .debug_info    0x00027239      0x8ed build/Drivers/STM32G4xx_HAL_Driver/Src/stm32g4xx_hal_opamp.o
 .debug_info    0x00027b26     0x108a build/Core/Src/dac.o
 .debug_info    0x00028bb0      0xebe build/Drivers/STM32G4xx_HAL_Driver/Src/stm32g4xx_hal_dac.o
 .debug_info    0x00029a6e      0xf7b build/Drivers/STM32G4xx_HAL_Driver/Src/stm32g4xx_hal_dac_ex.o
 .debug_info    0x0002a9e9     0x30e0 build/Core/Src/Communication.o
 .debug_info    0x0002dac9     0x3038 build/Core/Src/Interface.o
 .debug_info    0x00030b01     0x57b4 build/Core/Src/PowerManager.o
 .debug_info    0x000362b5     0x3364 build/Core/Src/UserTask.o
 .debug_info    0x00039619      0x376 build/Core/Src/Utility.o
 .debug_info    0x0003998f       0x2f build/startup_stm32g474xx.o
 .debug_info    0x000399be      0x135 D:/msys2/mingw64/bin/../lib/gcc/arm-none-eabi/13.3.0/../../../../arm-none-eabi/lib/thumb/v7e-m+fp/hard\libc_nano.a(libc_a-memset.o)
 .debug_info    0x00039af3      0x10b D:/msys2/mingw64/bin/../lib/gcc/arm-none-eabi/13.3.0/../../../../arm-none-eabi/lib/thumb/v7e-m+fp/hard\libc_nano.a(libc_a-init.o)
 .debug_info    0x00039bfe       0x3f D:/msys2/mingw64/bin/../lib/gcc/arm-none-eabi/13.3.0/thumb/v7e-m+fp/hard\libgcc.a(_arm_muldf3.o)
 .debug_info    0x00039c3d       0xd3 D:/msys2/mingw64/bin/../lib/gcc/arm-none-eabi/13.3.0/thumb/v7e-m+fp/hard\libgcc.a(_arm_addsubdf3.o)
 .debug_info    0x00039d10       0x3f D:/msys2/mingw64/bin/../lib/gcc/arm-none-eabi/13.3.0/thumb/v7e-m+fp/hard\libgcc.a(_arm_truncdfsf2.o)

.debug_abbrev   0x00000000     0x643b
 .debug_abbrev  0x00000000      0x1c7 build/Core/Src/main.o
 .debug_abbrev  0x000001c7      0x16a build/Core/Src/gpio.o
 .debug_abbrev  0x00000331      0x263 build/Core/Src/adc.o
 .debug_abbrev  0x00000594      0x211 build/Core/Src/fdcan.o
 .debug_abbrev  0x000007a5      0x2da build/Core/Src/tim.o
 .debug_abbrev  0x00000a7f      0x225 build/Core/Src/stm32g4xx_it.o
 .debug_abbrev  0x00000ca4      0x149 build/Core/Src/stm32g4xx_hal_msp.o
 .debug_abbrev  0x00000ded      0x347 build/Drivers/STM32G4xx_HAL_Driver/Src/stm32g4xx_hal_adc.o
 .debug_abbrev  0x00001134      0x3bd build/Drivers/STM32G4xx_HAL_Driver/Src/stm32g4xx_hal_adc_ex.o
 .debug_abbrev  0x000014f1      0x2dc build/Drivers/STM32G4xx_HAL_Driver/Src/stm32g4xx_hal.o
 .debug_abbrev  0x000017cd      0x349 build/Drivers/STM32G4xx_HAL_Driver/Src/stm32g4xx_hal_rcc.o
 .debug_abbrev  0x00001b16      0x2c2 build/Drivers/STM32G4xx_HAL_Driver/Src/stm32g4xx_hal_rcc_ex.o
 .debug_abbrev  0x00001dd8      0x1e7 build/Drivers/STM32G4xx_HAL_Driver/Src/stm32g4xx_hal_gpio.o
 .debug_abbrev  0x00001fbf      0x2a6 build/Drivers/STM32G4xx_HAL_Driver/Src/stm32g4xx_hal_dma.o
 .debug_abbrev  0x00002265      0x27c build/Drivers/STM32G4xx_HAL_Driver/Src/stm32g4xx_hal_pwr_ex.o
 .debug_abbrev  0x000024e1      0x36b build/Drivers/STM32G4xx_HAL_Driver/Src/stm32g4xx_hal_cortex.o
 .debug_abbrev  0x0000284c      0x2d4 build/Drivers/STM32G4xx_HAL_Driver/Src/stm32g4xx_hal_fdcan.o
 .debug_abbrev  0x00002b20      0x3e5 build/Drivers/STM32G4xx_HAL_Driver/Src/stm32g4xx_hal_hrtim.o
 .debug_abbrev  0x00002f05      0x3e4 build/Drivers/STM32G4xx_HAL_Driver/Src/stm32g4xx_hal_tim.o
 .debug_abbrev  0x000032e9      0x3d4 build/Drivers/STM32G4xx_HAL_Driver/Src/stm32g4xx_hal_tim_ex.o
 .debug_abbrev  0x000036bd      0x11c build/Core/Src/system_stm32g4xx.o
 .debug_abbrev  0x000037d9      0x2ae build/Core/Src/hrtim.o
 .debug_abbrev  0x00003a87       0xcb build/Core/Src/dma.o
 .debug_abbrev  0x00003b52      0x212 build/Core/Src/comp.o
 .debug_abbrev  0x00003d64      0x212 build/Core/Src/opamp.o
 .debug_abbrev  0x00003f76      0x296 build/Drivers/STM32G4xx_HAL_Driver/Src/stm32g4xx_hal_comp.o
 .debug_abbrev  0x0000420c      0x1ee build/Drivers/STM32G4xx_HAL_Driver/Src/stm32g4xx_hal_opamp.o
 .debug_abbrev  0x000043fa      0x21c build/Core/Src/dac.o
 .debug_abbrev  0x00004616      0x285 build/Drivers/STM32G4xx_HAL_Driver/Src/stm32g4xx_hal_dac.o
 .debug_abbrev  0x0000489b      0x2a9 build/Drivers/STM32G4xx_HAL_Driver/Src/stm32g4xx_hal_dac_ex.o
 .debug_abbrev  0x00004b44      0x50e build/Core/Src/Communication.o
 .debug_abbrev  0x00005052      0x5aa build/Core/Src/Interface.o
 .debug_abbrev  0x000055fc      0x6e0 build/Core/Src/PowerManager.o
 .debug_abbrev  0x00005cdc      0x41f build/Core/Src/UserTask.o
 .debug_abbrev  0x000060fb      0x126 build/Core/Src/Utility.o
 .debug_abbrev  0x00006221       0x24 build/startup_stm32g474xx.o
 .debug_abbrev  0x00006245       0xb7 D:/msys2/mingw64/bin/../lib/gcc/arm-none-eabi/13.3.0/../../../../arm-none-eabi/lib/thumb/v7e-m+fp/hard\libc_nano.a(libc_a-memset.o)
 .debug_abbrev  0x000062fc       0xc9 D:/msys2/mingw64/bin/../lib/gcc/arm-none-eabi/13.3.0/../../../../arm-none-eabi/lib/thumb/v7e-m+fp/hard\libc_nano.a(libc_a-init.o)
 .debug_abbrev  0x000063c5       0x26 D:/msys2/mingw64/bin/../lib/gcc/arm-none-eabi/13.3.0/thumb/v7e-m+fp/hard\libgcc.a(_arm_muldf3.o)
 .debug_abbrev  0x000063eb       0x28 D:/msys2/mingw64/bin/../lib/gcc/arm-none-eabi/13.3.0/thumb/v7e-m+fp/hard\libgcc.a(_arm_addsubdf3.o)
 .debug_abbrev  0x00006413       0x28 D:/msys2/mingw64/bin/../lib/gcc/arm-none-eabi/13.3.0/thumb/v7e-m+fp/hard\libgcc.a(_arm_truncdfsf2.o)

.debug_aranges  0x00000000     0x1c38
 .debug_aranges
                0x00000000       0x30 build/Core/Src/main.o
 .debug_aranges
                0x00000030       0x20 build/Core/Src/gpio.o
 .debug_aranges
                0x00000050       0x40 build/Core/Src/adc.o
 .debug_aranges
                0x00000090       0x30 build/Core/Src/fdcan.o
 .debug_aranges
                0x000000c0       0x68 build/Core/Src/tim.o
 .debug_aranges
                0x00000128       0x78 build/Core/Src/stm32g4xx_it.o
 .debug_aranges
                0x000001a0       0x20 build/Core/Src/stm32g4xx_hal_msp.o
 .debug_aranges
                0x000001c0      0x108 build/Drivers/STM32G4xx_HAL_Driver/Src/stm32g4xx_hal_adc.o
 .debug_aranges
                0x000002c8       0xf0 build/Drivers/STM32G4xx_HAL_Driver/Src/stm32g4xx_hal_adc_ex.o
 .debug_aranges
                0x000003b8      0x148 build/Drivers/STM32G4xx_HAL_Driver/Src/stm32g4xx_hal.o
 .debug_aranges
                0x00000500       0x90 build/Drivers/STM32G4xx_HAL_Driver/Src/stm32g4xx_hal_rcc.o
 .debug_aranges
                0x00000590       0xb0 build/Drivers/STM32G4xx_HAL_Driver/Src/stm32g4xx_hal_rcc_ex.o
 .debug_aranges
                0x00000640       0x58 build/Drivers/STM32G4xx_HAL_Driver/Src/stm32g4xx_hal_gpio.o
 .debug_aranges
                0x00000698       0x78 build/Drivers/STM32G4xx_HAL_Driver/Src/stm32g4xx_hal_dma.o
 .debug_aranges
                0x00000710      0x140 build/Drivers/STM32G4xx_HAL_Driver/Src/stm32g4xx_hal_pwr_ex.o
 .debug_aranges
                0x00000850       0xb8 build/Drivers/STM32G4xx_HAL_Driver/Src/stm32g4xx_hal_cortex.o
 .debug_aranges
                0x00000908      0x268 build/Drivers/STM32G4xx_HAL_Driver/Src/stm32g4xx_hal_fdcan.o
 .debug_aranges
                0x00000b70      0x430 build/Drivers/STM32G4xx_HAL_Driver/Src/stm32g4xx_hal_hrtim.o
 .debug_aranges
                0x00000fa0      0x3b0 build/Drivers/STM32G4xx_HAL_Driver/Src/stm32g4xx_hal_tim.o
 .debug_aranges
                0x00001350      0x238 build/Drivers/STM32G4xx_HAL_Driver/Src/stm32g4xx_hal_tim_ex.o
 .debug_aranges
                0x00001588       0x28 build/Core/Src/system_stm32g4xx.o
 .debug_aranges
                0x000015b0       0x38 build/Core/Src/hrtim.o
 .debug_aranges
                0x000015e8       0x20 build/Core/Src/dma.o
 .debug_aranges
                0x00001608       0x40 build/Core/Src/comp.o
 .debug_aranges
                0x00001648       0x48 build/Core/Src/opamp.o
 .debug_aranges
                0x00001690       0x78 build/Drivers/STM32G4xx_HAL_Driver/Src/stm32g4xx_hal_comp.o
 .debug_aranges
                0x00001708       0x70 build/Drivers/STM32G4xx_HAL_Driver/Src/stm32g4xx_hal_opamp.o
 .debug_aranges
                0x00001778       0x30 build/Core/Src/dac.o
 .debug_aranges
                0x000017a8       0xc0 build/Drivers/STM32G4xx_HAL_Driver/Src/stm32g4xx_hal_dac.o
 .debug_aranges
                0x00001868       0xc0 build/Drivers/STM32G4xx_HAL_Driver/Src/stm32g4xx_hal_dac_ex.o
 .debug_aranges
                0x00001928       0x48 build/Core/Src/Communication.o
 .debug_aranges
                0x00001970       0x78 build/Core/Src/Interface.o
 .debug_aranges
                0x000019e8      0x110 build/Core/Src/PowerManager.o
 .debug_aranges
                0x00001af8       0x30 build/Core/Src/UserTask.o
 .debug_aranges
                0x00001b28       0x48 build/Core/Src/Utility.o
 .debug_aranges
                0x00001b70       0x28 build/startup_stm32g474xx.o
 .debug_aranges
                0x00001b98       0x20 D:/msys2/mingw64/bin/../lib/gcc/arm-none-eabi/13.3.0/../../../../arm-none-eabi/lib/thumb/v7e-m+fp/hard\libc_nano.a(libc_a-memset.o)
 .debug_aranges
                0x00001bb8       0x20 D:/msys2/mingw64/bin/../lib/gcc/arm-none-eabi/13.3.0/../../../../arm-none-eabi/lib/thumb/v7e-m+fp/hard\libc_nano.a(libc_a-init.o)
 .debug_aranges
                0x00001bd8       0x20 D:/msys2/mingw64/bin/../lib/gcc/arm-none-eabi/13.3.0/thumb/v7e-m+fp/hard\libgcc.a(_arm_muldf3.o)
 .debug_aranges
                0x00001bf8       0x20 D:/msys2/mingw64/bin/../lib/gcc/arm-none-eabi/13.3.0/thumb/v7e-m+fp/hard\libgcc.a(_arm_addsubdf3.o)
 .debug_aranges
                0x00001c18       0x20 D:/msys2/mingw64/bin/../lib/gcc/arm-none-eabi/13.3.0/thumb/v7e-m+fp/hard\libgcc.a(_arm_truncdfsf2.o)

.debug_ranges   0x00000000     0x44c0
 .debug_ranges  0x00000000       0x20 build/Core/Src/main.o
 .debug_ranges  0x00000020       0x48 build/Core/Src/gpio.o
 .debug_ranges  0x00000068       0xd0 build/Core/Src/adc.o
 .debug_ranges  0x00000138       0x60 build/Core/Src/fdcan.o
 .debug_ranges  0x00000198      0x138 build/Core/Src/tim.o
 .debug_ranges  0x000002d0       0x68 build/Core/Src/stm32g4xx_it.o
 .debug_ranges  0x00000338       0x48 build/Core/Src/stm32g4xx_hal_msp.o
 .debug_ranges  0x00000380      0x950 build/Drivers/STM32G4xx_HAL_Driver/Src/stm32g4xx_hal_adc.o
 .debug_ranges  0x00000cd0      0x6d0 build/Drivers/STM32G4xx_HAL_Driver/Src/stm32g4xx_hal_adc_ex.o
 .debug_ranges  0x000013a0      0x138 build/Drivers/STM32G4xx_HAL_Driver/Src/stm32g4xx_hal.o
 .debug_ranges  0x000014d8       0xf8 build/Drivers/STM32G4xx_HAL_Driver/Src/stm32g4xx_hal_rcc.o
 .debug_ranges  0x000015d0      0x110 build/Drivers/STM32G4xx_HAL_Driver/Src/stm32g4xx_hal_rcc_ex.o
 .debug_ranges  0x000016e0       0x60 build/Drivers/STM32G4xx_HAL_Driver/Src/stm32g4xx_hal_gpio.o
 .debug_ranges  0x00001740      0x120 build/Drivers/STM32G4xx_HAL_Driver/Src/stm32g4xx_hal_dma.o
 .debug_ranges  0x00001860      0x130 build/Drivers/STM32G4xx_HAL_Driver/Src/stm32g4xx_hal_pwr_ex.o
 .debug_ranges  0x00001990      0x1a0 build/Drivers/STM32G4xx_HAL_Driver/Src/stm32g4xx_hal_cortex.o
 .debug_ranges  0x00001b30      0x2c8 build/Drivers/STM32G4xx_HAL_Driver/Src/stm32g4xx_hal_fdcan.o
 .debug_ranges  0x00001df8      0xca0 build/Drivers/STM32G4xx_HAL_Driver/Src/stm32g4xx_hal_hrtim.o
 .debug_ranges  0x00002a98      0x9e8 build/Drivers/STM32G4xx_HAL_Driver/Src/stm32g4xx_hal_tim.o
 .debug_ranges  0x00003480      0x310 build/Drivers/STM32G4xx_HAL_Driver/Src/stm32g4xx_hal_tim_ex.o
 .debug_ranges  0x00003790       0x18 build/Core/Src/system_stm32g4xx.o
 .debug_ranges  0x000037a8       0x98 build/Core/Src/hrtim.o
 .debug_ranges  0x00003840       0x28 build/Core/Src/dma.o
 .debug_ranges  0x00003868       0x90 build/Core/Src/comp.o
 .debug_ranges  0x000038f8       0xa8 build/Core/Src/opamp.o
 .debug_ranges  0x000039a0       0xd8 build/Drivers/STM32G4xx_HAL_Driver/Src/stm32g4xx_hal_comp.o
 .debug_ranges  0x00003a78       0x60 build/Drivers/STM32G4xx_HAL_Driver/Src/stm32g4xx_hal_opamp.o
 .debug_ranges  0x00003ad8       0x50 build/Core/Src/dac.o
 .debug_ranges  0x00003b28       0xb0 build/Drivers/STM32G4xx_HAL_Driver/Src/stm32g4xx_hal_dac.o
 .debug_ranges  0x00003bd8       0xb0 build/Drivers/STM32G4xx_HAL_Driver/Src/stm32g4xx_hal_dac_ex.o
 .debug_ranges  0x00003c88       0xf0 build/Core/Src/Communication.o
 .debug_ranges  0x00003d78       0xd0 build/Core/Src/Interface.o
 .debug_ranges  0x00003e48      0x5d0 build/Core/Src/PowerManager.o
 .debug_ranges  0x00004418       0x50 build/Core/Src/UserTask.o
 .debug_ranges  0x00004468       0x38 build/Core/Src/Utility.o
 .debug_ranges  0x000044a0       0x20 build/startup_stm32g474xx.o

.debug_macro    0x00000000    0x30d32
 .debug_macro   0x00000000      0x2a0 build/Core/Src/main.o
 .debug_macro   0x000002a0      0xaf6 build/Core/Src/main.o
 .debug_macro   0x00000d96      0x179 build/Core/Src/main.o
 .debug_macro   0x00000f0f       0x2e build/Core/Src/main.o
 .debug_macro   0x00000f3d       0x28 build/Core/Src/main.o
 .debug_macro   0x00000f65       0x22 build/Core/Src/main.o
 .debug_macro   0x00000f87       0x8e build/Core/Src/main.o
 .debug_macro   0x00001015       0x51 build/Core/Src/main.o
 .debug_macro   0x00001066      0x103 build/Core/Src/main.o
 .debug_macro   0x00001169       0x6a build/Core/Src/main.o
 .debug_macro   0x000011d3      0x1df build/Core/Src/main.o
 .debug_macro   0x000013b2       0x1c build/Core/Src/main.o
 .debug_macro   0x000013ce       0x22 build/Core/Src/main.o
 .debug_macro   0x000013f0       0xfb build/Core/Src/main.o
 .debug_macro   0x000014eb     0x1011 build/Core/Src/main.o
 .debug_macro   0x000024fc      0x11f build/Core/Src/main.o
 .debug_macro   0x0000261b    0x18b8c build/Core/Src/main.o