Core/Src/Interface.cpp:24:6:void WS2812::PWM_DMA_TransmitFinshed_Callback(TIM_HandleTypeDef*)	8	static
Core/Src/Interface.cpp:36:6:void WS2812::init()	4	static
Core/Src/Interface.cpp:44:6:void WS2812::update()	24	static
Core/Src/Interface.cpp:67:6:void WS2812::blink(uint8_t, uint8_t, uint8_t, uint8_t)	8	static
Core/Src/Interface.cpp:78:6:void WS2812::blink(uint8_t, uint32_t)	0	static
Core/Src/Interface.cpp:97:6:void Buzzer::init()	4	static
Core/Src/Interface.cpp:104:6:void Buzzer::stop()	0	static
Core/Src/Interface.cpp:109:6:void Buzzer::play(uint16_t, uint16_t)	8	static
Core/Src/Interface.cpp:116:6:void Buzzer::update()	0	static
Core/Src/Interface.cpp:129:6:void Interface::updateButtonState()	8	static
Core/Src/Interface.cpp:163:6:void Interface::updateBuzzerSequence()	16	static
Core/Src/Interface.cpp:231:1:cpp)	0	static
